0x00020	 	 	[chars]
0x00021	!	!	[chars]
0x00022	"	"	[chars]
0x00023	#	#	[chars]
0x00024	$	$	[chars]
0x00025	%	%	[chars]
0x00026	&	&	[chars]
0x00027	'	'	[chars]
0x00028	(	(	[chars]
0x00029	)	)	[chars]
0x0002A	*	*	[chars]
0x0002B	+	+	[chars]
0x0002C	,	,	[chars]
0x0002D	-	-	[chars]
0x0002E	.	.	[chars]
0x0002F	/	/	[chars]
0x00030	0	0	[chars]
0x00031	1	1	[chars]
0x00032	2	2	[chars]
0x00033	3	3	[chars]
0x00034	4	4	[chars]
0x00035	5	5	[chars]
0x00036	6	6	[chars]
0x00037	7	7	[chars]
0x00038	8	8	[chars]
0x00039	9	9	[chars]
0x0003A	:	:	[chars]
0x0003B	;	;	[chars]
0x0003C	<	<	[chars]
0x0003D	=	=	[chars]
0x0003E	>	>	[chars]
0x0003F	?	?	[chars]
0x00040	@	@	[chars]
0x00041	A	a	[chars]
0x00042	B	b	[chars]
0x00043	C	c	[chars]
0x00044	D	d	[chars]
0x00045	E	e	[chars]
0x00046	F	f	[chars]
0x00047	G	g	[chars]
0x00048	H	h	[chars]
0x00049	I	i	[chars]
0x0004A	J	j	[chars]
0x0004B	K	k	[chars]
0x0004C	L	l	[chars]
0x0004D	M	m	[chars]
0x0004E	N	n	[chars]
0x0004F	O	o	[chars]
0x00050	P	p	[chars]
0x00051	Q	q	[chars]
0x00052	R	r	[chars]
0x00053	S	s	[chars]
0x00054	T	t	[chars]
0x00055	U	u	[chars]
0x00056	V	v	[chars]
0x00057	W	w	[chars]
0x00058	X	x	[chars]
0x00059	Y	y	[chars]
0x0005A	Z	z	[chars]
0x0005B	[	[	[chars]
0x0005C	\	\	[chars]
0x0005D	]	]	[chars]
0x0005E	^	^	[chars]
0x0005F	_	_	[chars]
0x00060	`	`	[chars]
0x00061	a	a	[chars]
0x00062	b	b	[chars]
0x00063	c	c	[chars]
0x00064	d	d	[chars]
0x00065	e	e	[chars]
0x00066	f	f	[chars]
0x00067	g	g	[chars]
0x00068	h	h	[chars]
0x00069	i	i	[chars]
0x0006A	j	j	[chars]
0x0006B	k	k	[chars]
0x0006C	l	l	[chars]
0x0006D	m	m	[chars]
0x0006E	n	n	[chars]
0x0006F	o	o	[chars]
0x00070	p	p	[chars]
0x00071	q	q	[chars]
0x00072	r	r	[chars]
0x00073	s	s	[chars]
0x00074	t	t	[chars]
0x00075	u	u	[chars]
0x00076	v	v	[chars]
0x00077	w	w	[chars]
0x00078	x	x	[chars]
0x00079	y	y	[chars]
0x0007A	z	z	[chars]
0x0007B	{	{	[chars]
0x0007C	|	|	[chars]
0x0007D	}	}	[chars]
0x0007E	~	~	[chars]
0x000A0	 	 	[mapped]
0x000A1	¡	¡	[chars]
0x000A2	¢	¢	[chars]
0x000A3	£	£	[chars]
0x000A4	¤	¤	[chars]
0x000A5	¥	¥	[chars]
0x000A6	¦	|	[chars]
0x000A7	§	§	[chars]
0x000A8	¨		[mapped] accent
0x000A9	©	©	[chars]
0x000AA	ª		[mapped] female
0x000AB	«	<<	[chars]
0x000AC	¬	¬	[chars]
0x000AD	­		[mapped] soft hyphen
0x000AE	®	®	[chars]
0x000AF	¯		[mapped] accent
0x000B0	°	°	[chars] Degree sign
0x000B1	±	±	[chars]
0x000B2	²	²	[chars]
0x000B3	³	³	[chars]
0x000B4	´		[mapped] accent
0x000B5	µ	µ	[chars]
0x000B6	¶	¶	[chars]
0x000B7	·		[chars] middle dot
0x000B8	¸		[mapped] accent
0x000B9	¹	¹	[chars]
0x000BA	º		[mapped] male
0x000BB	»	>>	[chars]
0x000BC	¼	1/4	[chars]
0x000BD	½	1/2	[chars]
0x000BE	¾	3/4	[chars]
0x000BF	¿	¿	[chars]
0x000C0	À	á	[chars]
0x000C1	Á	á	[chars]
0x000C2	Â	á	[chars]
0x000C3	Ã	ã	[chars]
0x000C4	Ä	ä	[chars]
0x000C5	Å	å	[chars]
0x000C6	Æ	æ	[chars]
0x000C7	Ç	ç	[chars]
0x000C8	È	é	[chars]
0x000C9	É	é	[chars]
0x000CA	Ê	é	[chars]
0x000CB	Ë	ë	[chars]
0x000CC	Ì	í	[chars]
0x000CD	Í	í	[chars]
0x000CE	Î	í	[chars]
0x000CF	Ï	ï	[chars]
0x000D0	Ð	ð	[chars]
0x000D1	Ñ	ñ	[chars]
0x000D2	Ò	ó	[chars]
0x000D3	Ó	ó	[chars]
0x000D4	Ô	ő	[chars]
0x000D5	Õ	ő	[chars]
0x000D6	Ö	ö	[chars]
0x000D7	×	×	[chars] math!
0x000D8	Ø	ø	[chars]
0x000D9	Ù	ú	[chars]
0x000DA	Ú	ú	[chars]
0x000DB	Û	ű	[chars]
0x000DC	Ü	ü	[chars]
0x000DD	Ý	ý	[chars]
0x000DE	Þ	þ	[chars]
0x000DF	ß	ss	[chars] !
0x000E0	à	á	[chars]
0x000E1	á	á	[chars]
0x000E2	â	á	[chars]
0x000E3	ã	ã	[chars]
0x000E4	ä	ä	[chars]
0x000E5	å	å	[chars]
0x000E6	æ	æ	[chars]
0x000E7	ç	ç	[chars]
0x000E8	è	é	[chars]
0x000E9	é	é	[chars]
0x000EA	ê	é	[chars]
0x000EB	ë	ë	[chars]
0x000EC	ì	í	[chars]
0x000ED	í	í	[chars]
0x000EE	î	í	[chars]
0x000EF	ï	ï	[chars]
0x000F0	ð	ð	[chars]
0x000F1	ñ	ñ	[chars]
0x000F2	ò	ó	[chars]
0x000F3	ó	ó	[chars]
0x000F4	ô	ő	[chars]
0x000F5	õ	ő	[chars]
0x000F6	ö	ö	[chars]
0x000F7	÷	÷	[chars] math!
0x000F8	ø	ø	[chars]
0x000F9	ù	ú	[chars]
0x000FA	ú	ú	[chars]
0x000FB	û	ű	[chars]
0x000FC	ü	ü	[chars]
0x000FD	ý	ý	[chars]
0x000FE	þ	þ	[chars]
0x000FF	ÿ	ÿ	[chars]
0x00100	Ā	a	[mapped]
0x00101	ā	a	[mapped]
0x00102	Ă	a	[mapped]
0x00103	ă	a	[mapped]
0x00104	Ą	a	[mapped]
0x00105	ą	a	[mapped]
0x00106	Ć	c	[mapped]
0x00107	ć	c	[mapped]
0x00108	Ĉ	c	[mapped]
0x00109	ĉ	c	[mapped]
0x0010A	Ċ	c	[mapped]
0x0010B	ċ	c	[mapped]
0x0010C	Č	c	[mapped]
0x0010D	č	c	[mapped]
0x0010E	Ď	d	[mapped]
0x0010F	ď	d	[mapped]
0x00110	Đ	d	[mapped]
0x00111	đ	d	[mapped]
0x00112	Ē	e	[mapped]
0x00113	ē	e	[mapped]
0x00114	Ĕ	e	[mapped]
0x00115	ĕ	e	[mapped]
0x00116	Ė	e	[mapped]
0x00117	ė	e	[mapped]
0x00118	Ę	e	[mapped]
0x00119	ę	e	[mapped]
0x0011A	Ě	e	[mapped]
0x0011B	ě	e	[mapped]
0x0011C	Ĝ	g	[mapped]
0x0011D	ĝ	g	[mapped]
0x0011E	Ğ	g	[mapped]
0x0011F	ğ	g	[mapped]
0x00120	Ġ	g	[mapped]
0x00121	ġ	g	[mapped]
0x00122	Ģ	g	[mapped]
0x00123	ģ	g	[mapped]
0x00124	Ĥ	h	[mapped]
0x00125	ĥ	h	[mapped]
0x00126	Ħ	h	[mapped]
0x00127	ħ	h	[mapped]
0x00128	Ĩ	i	[mapped]
0x00129	ĩ	i	[mapped]
0x0012A	Ī	i	[mapped]
0x0012B	ī	i	[mapped]
0x0012C	Ĭ	i	[mapped]
0x0012D	ĭ	i	[mapped]
0x0012E	Į	i	[mapped]
0x0012F	į	i	[mapped]
0x00130	İ	i	[mapped]
0x00131	ı	i	[?]
0x00132	Ĳ	ij	[mapped]
0x00133	ĳ	ij	[mapped]
0x00134	Ĵ	j	[mapped]
0x00135	ĵ	j	[mapped]
0x00136	Ķ	k	[mapped]
0x00137	ķ	k	[mapped]
0x00138	ĸ	k	[?]
0x00139	Ĺ	l	[mapped]
0x0013A	ĺ	l	[mapped]
0x0013B	Ļ	l	[mapped]
0x0013C	ļ	l	[mapped]
0x0013D	Ľ	l	[mapped]
0x0013E	ľ	l	[mapped]
0x0013F	Ŀ	l	[mapped]
0x00140	ŀ	l	[mapped]
0x00141	Ł	l	[?]
0x00142	ł	l	[?]
0x00143	Ń	n	[mapped]
0x00144	ń	n	[mapped]
0x00145	Ņ	n	[mapped]
0x00146	ņ	n	[mapped]
0x00147	Ň	n	[mapped]
0x00148	ň	n	[mapped]
0x00149	ŉ	ʼn	[mapped] deprecated
0x0014A	Ŋ	n	[mapped]
0x0014B	ŋ	n	[mapped]
0x0014C	Ō	o	[mapped]
0x0014D	ō	o	[mapped]
0x0014E	Ŏ	o	[mapped]
0x0014F	ŏ	o	[mapped]
0x00150	Ő	o	[mapped]
0x00151	ő	o	[mapped]
0x00152	Œ	oe	[mapped]
0x00153	œ	oe	[mapped]
0x00154	Ŕ	r	[mapped]
0x00155	ŕ	r	[mapped]
0x00156	Ŗ	r	[mapped]
0x00157	ŗ	r	[mapped]
0x00158	Ř	r	[mapped]
0x00159	ř	r	[mapped]
0x0015A	Ś	s	[mapped]
0x0015B	ś	s	[mapped]
0x0015C	Ŝ	s	[mapped]
0x0015D	ŝ	s	[mapped]
0x0015E	Ş	s	[mapped]
0x0015F	ş	s	[mapped]
0x00160	Š	s	[mapped]
0x00161	š	s	[mapped]
0x00162	Ţ	t	[mapped]
0x00163	ţ	t	[mapped]
0x00164	Ť	t	[mapped]
0x00165	ť	t	[mapped]
0x00166	Ŧ	t	[mapped]
0x00167	ŧ	t	[mapped]
0x00168	Ũ	u	[mapped]
0x00169	ũ	u	[mapped]
0x0016A	Ū	u	[mapped]
0x0016B	ū	u	[mapped]
0x0016C	Ŭ	u	[mapped]
0x0016D	ŭ	u	[mapped]
0x0016E	Ů	u	[mapped]
0x0016F	ů	u	[mapped]
0x00170	Ű	ű	[mapped]
0x00171	ű	ű	[mapped]
0x00172	Ų	u	[mapped]
0x00173	ų	u	[mapped]
0x00174	Ŵ	w	[mapped]
0x00175	ŵ	w	[mapped]
0x00176	Ŷ	y	[mapped]
0x00177	ŷ	y	[mapped]
0x00178	Ÿ	ÿ	[chars]
0x00179	Ź	z	[mapped]
0x0017A	ź	z	[mapped]
0x0017B	Ż	z	[mapped]
0x0017C	ż	z	[mapped]
0x0017D	Ž	z	[mapped]
0x0017E	ž	z	[mapped]
0x0017F	ſ	s	[mapped] Latin Small Letter long S
0x00180	ƀ	b	[mapped]
0x00181	Ɓ	b	[mapped]
0x00182	Ƃ	b	[mapped]
0x00183	ƃ	b	[mapped]
0x00184	Ƅ	b	[mapped]
0x00185	ƅ	b	[mapped]
0x00186	Ɔ	ɔ	[chars]
0x00187	Ƈ	c	[mapped]
0x00188	ƈ	c	[mapped]
0x00189	Ɖ	d	[mapped]
0x0018A	Ɗ	d	[mapped]
0x0018B	Ƌ	d	[mapped]
0x0018C	ƌ	d	[mapped]
0x0018D	ƍ	d	[mapped]
0x0018E	Ǝ	ǝ	[chars]
0x0018F	Ə	ə	[chars]
0x00190	Ɛ	ɛ	[chars]
0x00191	Ƒ	f	[mapped]
0x00192	ƒ	f	[mapped]
0x00193	Ɠ	g	[mapped]
0x00194	Ɣ	g	[mapped]
0x00195	ƕ	h	[mapped]
0x00196	Ɩ	l	[mapped]
0x00197	Ɨ	i	[mapped]
0x00198	Ƙ	k	[mapped]
0x00199	ƙ	k	[mapped]
0x0019A	ƚ	l	[mapped]
0x0019B	ƛ	l	[mapped]
0x0019C	Ɯ	w	[mapped]
0x0019D	Ɲ	n	[mapped]
0x0019E	ƞ	n	[mapped]
0x0019F	Ɵ	o	[mapped]
0x001A0	Ơ	o	[mapped]
0x001A1	ơ	o	[mapped]
0x001A2	Ƣ	oi	[mapped]
0x001A3	ƣ	oi	[mapped]
0x001A4	Ƥ	p	[mapped]
0x001A5	ƥ	p	[mapped]
0x001A6	Ʀ	r	[mapped]
0x001A7	Ƨ	s	[mapped]
0x001A8	ƨ	s	[mapped]
0x001A9	Ʃ	Ʃ	[chars]
0x001AA	ƪ	l	[mapped]
0x001AB	ƫ	t	[mapped]
0x001AC	Ƭ	t	[mapped]
0x001AD	ƭ	t	[mapped]
0x001AE	Ʈ	t	[mapped]
0x001AF	Ư	u	[mapped]
0x001B0	ư	u	[mapped]
0x001B1	Ʊ	u	[mapped]
0x001B2	Ʋ	v	[mapped]
0x001B3	Ƴ	y	[mapped]
0x001B4	ƴ	y	[mapped]
0x001B5	Ƶ	z	[mapped]
0x001B6	ƶ	z	[mapped]
0x001B7	Ʒ	ʒ	[chars]
0x001B8	Ƹ	e	[mapped]
0x001B9	ƹ	e	[mapped]
0x001BA	ƺ	z	[mapped]
0x001BB	ƻ	2	[mapped]
0x001BC	Ƽ	5	[mapped]
0x001BD	ƽ	5	[mapped]
0x001BE	ƾ	s	[mapped]
0x001BF	ƿ	p	[mapped]
0x001C0	ǀ	|	[mapped]
0x001C1	ǁ	||	[mapped]
0x001C2	ǂ	=	[mapped]
0x001C3	ǃ	!	[mapped]
0x001C4	Ǆ	dz	[mapped]
0x001C5	ǅ	dz	[mapped]
0x001C6	ǆ	dz	[mapped]
0x001C7	Ǉ	lj	[mapped]
0x001C8	ǈ	lj	[mapped]
0x001C9	ǉ	lj	[mapped]
0x001CA	Ǌ	nj	[mapped]
0x001CB	ǋ	nj	[mapped]
0x001CC	ǌ	nj	[mapped]
0x001CD	Ǎ	a	[mapped]
0x001CE	ǎ	a	[mapped]
0x001CF	Ǐ	i	[mapped]
0x001D0	ǐ	i	[mapped]
0x001D1	Ǒ	o	[mapped]
0x001D2	ǒ	o	[mapped]
0x001D3	Ǔ	u	[mapped]
0x001D4	ǔ	u	[mapped]
0x001D5	Ǖ	u	[mapped]
0x001D6	ǖ	u	[mapped]
0x001D7	Ǘ	u	[mapped]
0x001D8	ǘ	u	[mapped]
0x001D9	Ǚ	u	[mapped]
0x001DA	ǚ	u	[mapped]
0x001DB	Ǜ	u	[mapped]
0x001DC	ǜ	u	[mapped]
0x001DD	ǝ	e	ǝ !!!
0x001DE	Ǟ	a	[mapped]
0x001DF	ǟ	a	[mapped]
0x001E0	Ǡ	a	[mapped]
0x001E1	ǡ	a	[mapped]
0x001E2	Ǣ	æ	[mapped]
0x001E3	ǣ	æ	[mapped]
0x001E4	Ǥ	g	ǥ !!!
0x001E5	ǥ	g	ǥ !!!
0x001E6	Ǧ	g	[mapped]
0x001E7	ǧ	g	[mapped]
0x001E8	Ǩ	k	[mapped]
0x001E9	ǩ	k	[mapped]
0x001EA	Ǫ	o	[mapped]
0x001EB	ǫ	o	[mapped]
0x001EC	Ǭ	o	[mapped]
0x001ED	ǭ	o	[mapped]
0x001EE	Ǯ	ʒ	[mapped]
0x001EF	ǯ	ʒ	[mapped]
0x001F0	ǰ	j	[mapped]
0x001F1	Ǳ	dz	[mapped]
0x001F2	ǲ	dz	[mapped]
0x001F3	ǳ	dz	[mapped]
0x001F4	Ǵ	g	[mapped]
0x001F5	ǵ	g	[mapped]
0x001F6	Ƕ	h	[mapped]
0x001F7	Ƿ	p	[mapped]
0x001F8	Ǹ	n	[mapped]
0x001F9	ǹ	n	[mapped]
0x001FA	Ǻ	a	[mapped]
0x001FB	ǻ	a	[mapped]
0x001FC	Ǽ	æ	[mapped]
0x001FD	ǽ	æ	[mapped]
0x001FE	Ǿ	ø	[mapped]
0x001FF	ǿ	ø	[mapped]
0x00200	Ȁ	a	[mapped]
0x00201	ȁ	a	[mapped]
0x00202	Ȃ	a	[mapped]
0x00203	ȃ	a	[mapped]
0x00204	Ȅ	e	[mapped]
0x00205	ȅ	e	[mapped]
0x00206	Ȇ	e	[mapped]
0x00207	ȇ	e	[mapped]
0x00208	Ȉ	i	[mapped]
0x00209	ȉ	i	[mapped]
0x0020A	Ȋ	i	[mapped]
0x0020B	ȋ	i	[mapped]
0x0020C	Ȍ	o	[mapped]
0x0020D	ȍ	o	[mapped]
0x0020E	Ȏ	o	[mapped]
0x0020F	ȏ	o	[mapped]
0x00210	Ȑ	r	[mapped]
0x00211	ȑ	r	[mapped]
0x00212	Ȓ	r	[mapped]
0x00213	ȓ	r	[mapped]
0x00214	Ȕ	u	[mapped]
0x00215	ȕ	u	[mapped]
0x00216	Ȗ	u	[mapped]
0x00217	ȗ	u	[mapped]
0x00218	Ș	s	[mapped]
0x00219	ș	s	[mapped]
0x0021A	Ț	t	[mapped]
0x0021B	ț	t	[mapped]
0x0021C	Ȝ	3	ȝ !!!
0x0021D	ȝ	3	ȝ !!!
0x0021E	Ȟ	h	[mapped]
0x0021F	ȟ	h	[mapped]
0x00220	Ƞ	n	ƞ !!!
0x00221	ȡ	d	ȡ !!!
0x00222	Ȣ	8	ȣ !!!
0x00223	ȣ	8	ȣ !!!
0x00224	Ȥ	z	ȥ !!!
0x00225	ȥ	z	ȥ !!!
0x00226	Ȧ	a	[mapped]
0x00227	ȧ	a	[mapped]
0x00228	Ȩ	e	[mapped]
0x00229	ȩ	e	[mapped]
0x0022A	Ȫ	o	[mapped]
0x0022B	ȫ	o	[mapped]
0x0022C	Ȭ	o	[mapped]
0x0022D	ȭ	o	[mapped]
0x0022E	Ȯ	o	[mapped]
0x0022F	ȯ	o	[mapped]
0x00230	Ȱ	o	[mapped]
0x00231	ȱ	o	[mapped]
0x00232	Ȳ	y	[mapped]
0x00233	ȳ	y	[mapped]
0x00234	ȴ	l	ȴ !!!
0x00235	ȵ	n	ȵ !!!
0x00236	ȶ	t	ȶ !!!
0x00237	ȷ	j	ȷ !!!
0x00238	ȸ		ȸ !!!
0x00239	ȹ		ȹ !!!
0x0023A	Ⱥ	a	ⱥ !!!
0x0023B	Ȼ	c	ȼ !!!
0x0023C	ȼ	c	ȼ !!!
0x0023D	Ƚ	l	ƚ !!!
0x0023E	Ⱦ	t	ⱦ !!!
0x0023F	ȿ	s	ȿ !!!
0x00240	ɀ	z	ɀ !!!
0x00241	Ɂ		ɂ !!!
0x00242	ɂ		ɂ !!!
0x00243	Ƀ	b	ƀ !!!
0x00244	Ʉ		ʉ !!!
0x00245	Ʌ	a	ʌ !!!
0x00246	Ɇ	e	ɇ !!!
0x00247	ɇ	e	ɇ !!!
0x00248	Ɉ	j	ɉ !!!
0x00249	ɉ	j	ɉ !!!
0x0024A	Ɋ	q	ɋ !!!
0x0024B	ɋ	q	ɋ !!!
0x0024C	Ɍ	r	ɍ !!!
0x0024D	ɍ	r	ɍ !!!
0x0024E	Ɏ	y	ɏ !!!
0x0024F	ɏ	y	ɏ !!!
0x00250	ɐ	a	ɐ !!!
0x00251	ɑ	a	ɑ !!!
0x00252	ɒ	a	ɒ !!!
0x00253	ɓ	b	ɓ !!!
0x00254	ɔ	ɔ	[chars]
0x00255	ɕ	c	ɕ !!!
0x00256	ɖ	d	ɖ !!!
0x00257	ɗ	d	ɗ !!!
0x00258	ɘ	ə	ɘ !!!
0x00259	ə	ə	[chars]
0x0025A	ɚ	ə	ɚ !!!
0x0025B	ɛ	ɛ	[chars]
0x0025C	ɜ	3	ɜ !!!
0x0025D	ɝ	3	ɝ !!!
0x0025E	ɞ	e	ɞ !!!
0x0025F	ɟ	f	ɟ !!!
0x00260	ɠ	g	ɠ !!!
0x00261	ɡ	g	ɡ !!!
0x00262	ɢ	g	ɢ !!!
0x00263	ɣ	f	ɣ !!!
0x00264	ɤ	f	ɤ !!!
0x00265	ɥ	h	ɥ !!!
0x00266	ɦ	h	ɦ !!!
0x00267	ɧ	h	ɧ !!!
0x00268	ɨ	i	ɨ !!!
0x00269	ɩ	l	ɩ !!!
0x0026A	ɪ	ɪ	[chars]
0x0026B	ɫ	l	ɫ !!!
0x0026C	ɬ	l	ɬ !!!
0x0026D	ɭ	l	ɭ !!!
0x0026E	ɮ	lz	ɮ !!!
0x0026F	ɯ	w	ɯ !!!
0x00270	ɰ	w	ɰ !!!
0x00271	ɱ	m	ɱ !!!
0x00272	ɲ	n	ɲ !!!
0x00273	ɳ	n	ɳ !!!
0x00274	ɴ	n	ɴ !!!
0x00275	ɵ	o	ɵ !!!
0x00276	ɶ	oe	ɶ !!!
0x00277	ɷ	o	ɷ !!!
0x00278	ɸ	o	ɸ !!!
0x00279	ɹ	r	ɹ !!!
0x0027A	ɺ	r	ɺ !!!
0x0027B	ɻ	r	ɻ !!!
0x0027C	ɼ	r	ɼ !!!
0x0027D	ɽ	r	ɽ !!!
0x0027E	ɾ	r	ɾ !!!
0x0027F	ɿ	r	ɿ !!!
0x00280	ʀ	e	ʀ !!!
0x00281	ʁ	e	ʁ !!!
0x00282	ʂ	s	ʂ !!!
0x00283	ʃ	ʃ	[chars]
0x00284	ʄ	ʃ	ʄ !!!
0x00285	ʅ	l	ʅ !!!
0x00286	ʆ	ʃ	ʆ !!!
0x00287	ʇ	t	ʇ !!!
0x00288	ʈ	t	ʈ !!!
0x00289	ʉ	u	ʉ !!!
0x0028A	ʊ	o	ʊ !!!
0x0028B	ʋ	v	ʋ !!!
0x0028C	ʌ	a	ʌ !!!
0x0028D	ʍ	m	ʍ !!!
0x0028E	ʎ	y	ʎ !!!
0x0028F	ʏ	y	ʏ !!!
0x00290	ʐ	z	ʐ !!!
0x00291	ʑ	z	ʑ !!!
0x00292	ʒ	ʒ	[chars]
0x00293	ʓ	ʒ	ʓ !!!
0x00294	ʔ	?	ʔ !!!
0x00295	ʕ	?	ʕ !!!
0x00296	ʖ	?	ʖ !!!
0x00297	ʗ	c	ʗ !!!
0x00298	ʘ	0	ʘ !!!
0x00299	ʙ	b	ʙ !!!
0x0029A	ʚ	d	ʚ !!!
0x0029B	ʛ	g	ʛ !!!
0x0029C	ʜ	h	ʜ !!!
0x0029D	ʝ	j	ʝ !!!
0x0029E	ʞ	k	ʞ !!!
0x0029F	ʟ	l	ʟ !!!
0x002A0	ʠ	q	ʠ !!!
0x002A1	ʡ	?	ʡ !!!
0x002A2	ʢ	?	ʢ !!!
0x002A3	ʣ	dz	ʣ !!!
0x002A4	ʤ	dz	ʤ !!!
0x002A5	ʥ	dz	ʥ !!!
0x002A6	ʦ	ts	ʦ !!!
0x002A7	ʧ	tf	ʧ !!!
0x002A8	ʨ	tc	ʨ !!!
0x002A9	ʩ	fn	ʩ !!!
0x002AA	ʪ	ls	ʪ !!!
0x002AB	ʫ	lz	ʫ !!!
0x002AC	ʬ	ww	ʬ !!!
0x002AD	ʭ	nn	ʭ !!!
0x002AE	ʮ	y	ʮ !!!
0x002AF	ʯ	y	ʯ !!!
0x00370	Ͱ	i	ͱ !!! greek: Heta
0x00371	ͱ	i	ͱ !!!
0x00372	Ͳ	t	ͳ !!!
0x00373	ͳ	t	ͳ !!!
0x00374	ʹ		ʹ !!! Greek Numeral Sign 
0x00375	͵		͵ !!! Greek Lower Numeral Sign 
0x00376	Ͷ	n	ͷ !!!
0x00377	ͷ	n	ͷ !!!
0x0037A	ͺ		[mapped] Greek Ypogegrammeni 
0x0037B	ͻ		ͻ !!!
0x0037C	ͼ		ͼ !!!
0x0037D	ͽ		ͽ !!!
0x0037E	;	;	[mapped]
0x0037F	Ϳ	j	ϳ !!!
0x00384	΄		[mapped] accent
0x00385	΅		[mapped] accent
0x00386	Ά	ά	[chars]
0x00387	·	·	[mapped]
0x00388	Έ	έ	[chars]
0x00389	Ή	ή	[chars]
0x0038A	Ί	ί	[chars]
0x0038C	Ό	ό	[chars]
0x0038E	Ύ	ύ	[chars]
0x0038F	Ώ	ώ	[chars]
0x00390	ΐ	ι	[mapped]
0x00391	Α	a	[chars]
0x00392	Β	b	[chars]
0x00393	Γ	γ	[chars]
0x00394	Δ	δ	[chars]
0x00395	Ε	e	[chars]
0x00396	Ζ	z	[chars]
0x00397	Η	h	[chars]
0x00398	Θ	θ	[chars]
0x00399	Ι	i	[chars]
0x0039A	Κ	k	[chars]
0x0039B	Λ	λ	[chars]
0x0039C	Μ	m	[chars]
0x0039D	Ν	n	[chars]
0x0039E	Ξ	ξ	[chars]
0x0039F	Ο	o	[chars]
0x003A0	Π	π	[chars]
0x003A1	Ρ	p	[chars]
0x003A3	Σ	Σ	[chars]
0x003A4	Τ	t	[chars]
0x003A5	Υ	y	[chars]
0x003A6	Φ	φ	[chars]
0x003A7	Χ	x	[chars]
0x003A8	Ψ	ψ	[chars]
0x003A9	Ω	ω	[chars]
0x003AA	Ϊ	ϊ	[chars]
0x003AB	Ϋ	ϋ	[chars]
0x003AC	ά	ά	[chars]
0x003AD	έ	έ	[chars]
0x003AE	ή	ή	[chars]
0x003AF	ί	ί	[chars]
0x003B0	ΰ	ΰ	[chars]
0x003B1	α	α	[chars]
0x003B2	β	β	[chars]
0x003B3	γ	γ	[chars]
0x003B4	δ	δ	[chars]
0x003B5	ε	ε	[chars]
0x003B6	ζ	ζ	[chars]
0x003B7	η	η	[chars]
0x003B8	θ	θ	[chars]
0x003B9	ι	ι	[chars]
0x003BA	κ	κ	[chars]
0x003BB	λ	λ	[chars]
0x003BC	μ	μ	[chars]
0x003BD	ν	ν	[chars]
0x003BE	ξ	ξ	[chars]
0x003BF	ο	ο	[chars]
0x003C0	π	π	[chars]
0x003C1	ρ	ρ	[chars]
0x003C2	ς	ς	[chars]
0x003C3	σ	σ	[chars]
0x003C4	τ	τ	[chars]
0x003C5	υ	υ	[chars]
0x003C6	φ	φ	[chars]
0x003C7	χ	χ	[chars]
0x003C8	ψ	ψ	[chars]
0x003C9	ω	ω	[chars]
0x003CA	ϊ	ϊ	[chars]
0x003CB	ϋ	ϋ	[chars]
0x003CC	ό	ό	[chars]
0x003CD	ύ	ύ	[chars]
0x003CE	ώ	ώ	[chars]
0x003CF	Ϗ	k	ϗ !!!
0x003D0	ϐ	β	[mapped]
0x003D1	ϑ	θ	[mapped]
0x003D2	ϒ	υ	[mapped]
0x003D3	ϓ	υ	[mapped]
0x003D4	ϔ	υ	[mapped]
0x003D5	ϕ	φ	[mapped]
0x003D6	ϖ	π	[mapped]
0x003D7	ϗ	k	ϗ !!!
0x003D8	Ϙ	q	ϙ !!!
0x003D9	ϙ	q	ϙ !!!
0x003DA	Ϛ	s	ϛ !!!
0x003DB	ϛ	s	ϛ !!!
0x003DC	Ϝ	f	ϝ !!!
0x003DD	ϝ	f	ϝ !!!
0x003DE	Ϟ	k	ϟ !!!
0x003DF	ϟ	k	ϟ !!!
0x003E0	Ϡ	s	ϡ !!!
0x003E1	ϡ	s	ϡ !!!
0x003E2	Ϣ		ϣ !!! Coptic Capital Letter Shei 
0x003E3	ϣ		ϣ !!!
0x003E4	Ϥ		ϥ !!!
0x003E5	ϥ		ϥ !!!
0x003E6	Ϧ		ϧ !!!
0x003E7	ϧ		ϧ !!!
0x003E8	Ϩ		ϩ !!!
0x003E9	ϩ		ϩ !!!
0x003EA	Ϫ		ϫ !!!
0x003EB	ϫ		ϫ !!!
0x003EC	Ϭ		ϭ !!!
0x003ED	ϭ		ϭ !!!
0x003EE	Ϯ		ϯ !!!
0x003EF	ϯ		ϯ !!!
0x003F0	ϰ	κ	[mapped]
0x003F1	ϱ	ρ	[mapped]
0x003F2	ϲ	ς	[mapped]
0x003F3	ϳ	j	ϳ !!!
0x003F4	ϴ	θ	[chars]
0x003F5	ϵ	ε	[mapped]
0x003F6	϶		϶ !!!
0x003F7	Ϸ		ϸ !!!
0x003F8	ϸ		ϸ !!!
0x003F9	Ϲ	c	[mapped]
0x003FA	Ϻ	m	ϻ !!!
0x003FB	ϻ	m	ϻ !!!
0x003FC	ϼ	r	ϼ !!!
0x003FD	Ͻ		ͻ !!!
0x003FE	Ͼ		ͼ !!!
0x003FF	Ͽ		ͽ !!!
0x00400	Ѐ	ѐ	[chars]  orosz abc:
0x00401	Ё	ё	[chars]
0x00402	Ђ	ђ	[chars]
0x00403	Ѓ	ѓ	[chars]
0x00404	Є	є	[chars]
0x00405	Ѕ	ѕ	[chars]
0x00406	І	і	[chars]
0x00407	Ї	ї	[chars]
0x00408	Ј	ј	[chars]
0x00409	Љ	љ	[chars]
0x0040A	Њ	њ	[chars]
0x0040B	Ћ	ћ	[chars]
0x0040C	Ќ	ќ	[chars]
0x0040D	Ѝ	ѝ	[chars]
0x0040E	Ў	ў	[chars]
0x0040F	Џ	џ	[chars]
0x00410	А	а	[chars]
0x00411	Б	б	[chars]
0x00412	В	в	[chars]
0x00413	Г	г	[chars]
0x00414	Д	д	[chars]
0x00415	Е	е	[chars]
0x00416	Ж	ж	[chars]
0x00417	З	з	[chars]
0x00418	И	и	[chars]
0x00419	Й	й	[chars]
0x0041A	К	к	[chars]
0x0041B	Л	л	[chars]
0x0041C	М	м	[chars]
0x0041D	Н	н	[chars]
0x0041E	О	о	[chars]
0x0041F	П	п	[chars]
0x00420	Р	р	[chars]
0x00421	С	с	[chars]
0x00422	Т	т	[chars]
0x00423	У	у	[chars]
0x00424	Ф	ф	[chars]
0x00425	Х	х	[chars]
0x00426	Ц	ц	[chars]
0x00427	Ч	ч	[chars]
0x00428	Ш	ш	[chars]
0x00429	Щ	щ	[chars]
0x0042A	Ъ	ъ	[chars]
0x0042B	Ы	ы	[chars]
0x0042C	Ь	ь	[chars]
0x0042D	Э	э	[chars]
0x0042E	Ю	ю	[chars]
0x0042F	Я	я	[chars]
0x00430	а	а	[chars]
0x00431	б	б	[chars]
0x00432	в	в	[chars]
0x00433	г	г	[chars]
0x00434	д	д	[chars]
0x00435	е	е	[chars]
0x00436	ж	ж	[chars]
0x00437	з	з	[chars]
0x00438	и	и	[chars]
0x00439	й	й	[chars]
0x0043A	к	к	[chars]
0x0043B	л	л	[chars]
0x0043C	м	м	[chars]
0x0043D	н	н	[chars]
0x0043E	о	о	[chars]
0x0043F	п	п	[chars]
0x00440	р	р	[chars]
0x00441	с	с	[chars]
0x00442	т	т	[chars]
0x00443	у	у	[chars]
0x00444	ф	ф	[chars]
0x00445	х	х	[chars]
0x00446	ц	ц	[chars]
0x00447	ч	ч	[chars]
0x00448	ш	ш	[chars]
0x00449	щ	щ	[chars]
0x0044A	ъ	ъ	[chars]
0x0044B	ы	ы	[chars]
0x0044C	ь	ь	[chars]
0x0044D	э	э	[chars]
0x0044E	ю	ю	[chars]
0x0044F	я	я	[chars]
0x00450	ѐ	ѐ	[chars]
0x00451	ё	ё	[chars]
0x00452	ђ	ђ	[chars]
0x00453	ѓ	ѓ	[chars]
0x00454	є	є	[chars]
0x00455	ѕ	ѕ	[chars]
0x00456	і	і	[chars]
0x00457	ї	ї	[chars]
0x00458	ј	ј	[chars]
0x00459	љ	љ	[chars]
0x0045A	њ	њ	[chars]
0x0045B	ћ	ћ	[chars]
0x0045C	ќ	ќ	[chars]
0x0045D	ѝ	ѝ	[chars]
0x0045E	ў	ў	[chars]
0x0045F	џ	џ	[chars]
0x01D2C	ᴬ	a	[mapped]
0x01D2D	ᴭ	æ	[mapped]
0x01D2E	ᴮ	b	[mapped]
0x01D30	ᴰ	d	[mapped]
0x01D31	ᴱ	e	[mapped]
0x01D33	ᴳ	g	[mapped]
0x01D34	ᴴ	h	[mapped]
0x01D35	ᴵ	i	[mapped]
0x01D36	ᴶ	j	[mapped]
0x01D37	ᴷ	k	[mapped]
0x01D38	ᴸ	l	[mapped]
0x01D39	ᴹ	m	[mapped]
0x01D3A	ᴺ	n	[mapped]
0x01D3C	ᴼ	o	[mapped]
0x01D3E	ᴾ	p	[mapped]
0x01D3F	ᴿ	r	[mapped]
0x01D40	ᵀ	t	[mapped]
0x01D41	ᵁ	u	[mapped]
0x01D42	ᵂ	w	[mapped]
0x01D43	ᵃ	a	[mapped]
0x01D47	ᵇ	b	[mapped]
0x01D48	ᵈ	d	[mapped]
0x01D49	ᵉ	e	[mapped]
0x01D4A	ᵊ	ə	[mapped]
0x01D4B	ᵋ	ɛ	[mapped]
0x01D4D	ᵍ	g	[mapped]
0x01D4F	ᵏ	k	[mapped]
0x01D50	ᵐ	m	[mapped]
0x01D52	ᵒ	o	[mapped]
0x01D53	ᵓ	ɔ	[mapped]
0x01D56	ᵖ	p	[mapped]
0x01D57	ᵗ	t	[mapped]
0x01D58	ᵘ	u	[mapped]
0x01D5B	ᵛ	v	[mapped]
0x01D5D	ᵝ	β	[mapped]
0x01D5E	ᵞ	γ	[mapped]
0x01D5F	ᵟ	δ	[mapped]
0x01D60	ᵠ	φ	[mapped]
0x01D61	ᵡ	χ	[mapped]
0x01D62	ᵢ	i	[mapped]
0x01D63	ᵣ	r	[mapped]
0x01D64	ᵤ	u	[mapped]
0x01D65	ᵥ	v	[mapped]
0x01D66	ᵦ	β	[mapped]
0x01D67	ᵧ	γ	[mapped]
0x01D68	ᵨ	ρ	[mapped]
0x01D69	ᵩ	φ	[mapped]
0x01D6A	ᵪ	χ	[mapped]
0x01D78	ᵸ	н	[mapped]
0x01D9C	ᶜ	c	[mapped]
0x01D9E	ᶞ	ð	[mapped]
0x01DA0	ᶠ	f	[mapped]
0x01DA6	ᶦ	ɪ	[mapped]
0x01DB4	ᶴ	ʃ	[mapped]
0x01DBB	ᶻ	z	[mapped]
0x01DBE	ᶾ	ʒ	[mapped]
0x01DBF	ᶿ	θ	[mapped]
0x01E00	Ḁ	a	[mapped]
0x01E01	ḁ	a	[mapped]
0x01E02	Ḃ	b	[mapped]
0x01E03	ḃ	b	[mapped]
0x01E04	Ḅ	b	[mapped]
0x01E05	ḅ	b	[mapped]
0x01E06	Ḇ	b	[mapped]
0x01E07	ḇ	b	[mapped]
0x01E08	Ḉ	c	[mapped]
0x01E09	ḉ	c	[mapped]
0x01E0A	Ḋ	d	[mapped]
0x01E0B	ḋ	d	[mapped]
0x01E0C	Ḍ	d	[mapped]
0x01E0D	ḍ	d	[mapped]
0x01E0E	Ḏ	d	[mapped]
0x01E0F	ḏ	d	[mapped]
0x01E10	Ḑ	d	[mapped]
0x01E11	ḑ	d	[mapped]
0x01E12	Ḓ	d	[mapped]
0x01E13	ḓ	d	[mapped]
0x01E14	Ḕ	e	[mapped]
0x01E15	ḕ	e	[mapped]
0x01E16	Ḗ	e	[mapped]
0x01E17	ḗ	e	[mapped]
0x01E18	Ḙ	e	[mapped]
0x01E19	ḙ	e	[mapped]
0x01E1A	Ḛ	e	[mapped]
0x01E1B	ḛ	e	[mapped]
0x01E1C	Ḝ	e	[mapped]
0x01E1D	ḝ	e	[mapped]
0x01E1E	Ḟ	f	[mapped]
0x01E1F	ḟ	f	[mapped]
0x01E20	Ḡ	g	[mapped]
0x01E21	ḡ	g	[mapped]
0x01E22	Ḣ	h	[mapped]
0x01E23	ḣ	h	[mapped]
0x01E24	Ḥ	h	[mapped]
0x01E25	ḥ	h	[mapped]
0x01E26	Ḧ	h	[mapped]
0x01E27	ḧ	h	[mapped]
0x01E28	Ḩ	h	[mapped]
0x01E29	ḩ	h	[mapped]
0x01E2A	Ḫ	h	[mapped]
0x01E2B	ḫ	h	[mapped]
0x01E2C	Ḭ	i	[mapped]
0x01E2D	ḭ	i	[mapped]
0x01E2E	Ḯ	i	[mapped]
0x01E2F	ḯ	i	[mapped]
0x01E30	Ḱ	k	[mapped]
0x01E31	ḱ	k	[mapped]
0x01E32	Ḳ	k	[mapped]
0x01E33	ḳ	k	[mapped]
0x01E34	Ḵ	k	[mapped]
0x01E35	ḵ	k	[mapped]
0x01E36	Ḷ	l	[mapped]
0x01E37	ḷ	l	[mapped]
0x01E38	Ḹ	l	[mapped]
0x01E39	ḹ	l	[mapped]
0x01E3A	Ḻ	l	[mapped]
0x01E3B	ḻ	l	[mapped]
0x01E3C	Ḽ	l	[mapped]
0x01E3D	ḽ	l	[mapped]
0x01E3E	Ḿ	m	[mapped]
0x01E3F	ḿ	m	[mapped]
0x01E40	Ṁ	m	[mapped]
0x01E41	ṁ	m	[mapped]
0x01E42	Ṃ	m	[mapped]
0x01E43	ṃ	m	[mapped]
0x01E44	Ṅ	n	[mapped]
0x01E45	ṅ	n	[mapped]
0x01E46	Ṇ	n	[mapped]
0x01E47	ṇ	n	[mapped]
0x01E48	Ṉ	n	[mapped]
0x01E49	ṉ	n	[mapped]
0x01E4A	Ṋ	n	[mapped]
0x01E4B	ṋ	n	[mapped]
0x01E4C	Ṍ	o	[mapped]
0x01E4D	ṍ	o	[mapped]
0x01E4E	Ṏ	o	[mapped]
0x01E4F	ṏ	o	[mapped]
0x01E50	Ṑ	o	[mapped]
0x01E51	ṑ	o	[mapped]
0x01E52	Ṓ	o	[mapped]
0x01E53	ṓ	o	[mapped]
0x01E54	Ṕ	p	[mapped]
0x01E55	ṕ	p	[mapped]
0x01E56	Ṗ	p	[mapped]
0x01E57	ṗ	p	[mapped]
0x01E58	Ṙ	r	[mapped]
0x01E59	ṙ	r	[mapped]
0x01E5A	Ṛ	r	[mapped]
0x01E5B	ṛ	r	[mapped]
0x01E5C	Ṝ	r	[mapped]
0x01E5D	ṝ	r	[mapped]
0x01E5E	Ṟ	r	[mapped]
0x01E5F	ṟ	r	[mapped]
0x01E60	Ṡ	s	[mapped]
0x01E61	ṡ	s	[mapped]
0x01E62	Ṣ	s	[mapped]
0x01E63	ṣ	s	[mapped]
0x01E64	Ṥ	s	[mapped]
0x01E65	ṥ	s	[mapped]
0x01E66	Ṧ	s	[mapped]
0x01E67	ṧ	s	[mapped]
0x01E68	Ṩ	s	[mapped]
0x01E69	ṩ	s	[mapped]
0x01E6A	Ṫ	t	[mapped]
0x01E6B	ṫ	t	[mapped]
0x01E6C	Ṭ	t	[mapped]
0x01E6D	ṭ	t	[mapped]
0x01E6E	Ṯ	t	[mapped]
0x01E6F	ṯ	t	[mapped]
0x01E70	Ṱ	t	[mapped]
0x01E71	ṱ	t	[mapped]
0x01E72	Ṳ	u	[mapped]
0x01E73	ṳ	u	[mapped]
0x01E74	Ṵ	u	[mapped]
0x01E75	ṵ	u	[mapped]
0x01E76	Ṷ	u	[mapped]
0x01E77	ṷ	u	[mapped]
0x01E78	Ṹ	u	[mapped]
0x01E79	ṹ	u	[mapped]
0x01E7A	Ṻ	u	[mapped]
0x01E7B	ṻ	u	[mapped]
0x01E7C	Ṽ	v	[mapped]
0x01E7D	ṽ	v	[mapped]
0x01E7E	Ṿ	v	[mapped]
0x01E7F	ṿ	v	[mapped]
0x01E80	Ẁ	w	[mapped]
0x01E81	ẁ	w	[mapped]
0x01E82	Ẃ	w	[mapped]
0x01E83	ẃ	w	[mapped]
0x01E84	Ẅ	w	[mapped]
0x01E85	ẅ	w	[mapped]
0x01E86	Ẇ	w	[mapped]
0x01E87	ẇ	w	[mapped]
0x01E88	Ẉ	w	[mapped]
0x01E89	ẉ	w	[mapped]
0x01E8A	Ẋ	x	[mapped]
0x01E8B	ẋ	x	[mapped]
0x01E8C	Ẍ	x	[mapped]
0x01E8D	ẍ	x	[mapped]
0x01E8E	Ẏ	y	[mapped]
0x01E8F	ẏ	y	[mapped]
0x01E90	Ẑ	z	[mapped]
0x01E91	ẑ	z	[mapped]
0x01E92	Ẓ	z	[mapped]
0x01E93	ẓ	z	[mapped]
0x01E94	Ẕ	z	[mapped]
0x01E95	ẕ	z	[mapped]
0x01E96	ẖ	h	[mapped]
0x01E97	ẗ	t	[mapped]
0x01E98	ẘ	w	[mapped]
0x01E99	ẙ	y	[mapped]
0x01E9B	ẛ	s	[mapped]
0x01E9E	ẞ	ß	[mapped]
0x01EA0	Ạ	a	[mapped]
0x01EA1	ạ	a	[mapped]
0x01EA2	Ả	a	[mapped]
0x01EA3	ả	a	[mapped]
0x01EA4	Ấ	a	[mapped]
0x01EA5	ấ	a	[mapped]
0x01EA6	Ầ	a	[mapped]
0x01EA7	ầ	a	[mapped]
0x01EA8	Ẩ	a	[mapped]
0x01EA9	ẩ	a	[mapped]
0x01EAA	Ẫ	a	[mapped]
0x01EAB	ẫ	a	[mapped]
0x01EAC	Ậ	a	[mapped]
0x01EAD	ậ	a	[mapped]
0x01EAE	Ắ	a	[mapped]
0x01EAF	ắ	a	[mapped]
0x01EB0	Ằ	a	[mapped]
0x01EB1	ằ	a	[mapped]
0x01EB2	Ẳ	a	[mapped]
0x01EB3	ẳ	a	[mapped]
0x01EB4	Ẵ	a	[mapped]
0x01EB5	ẵ	a	[mapped]
0x01EB6	Ặ	a	[mapped]
0x01EB7	ặ	a	[mapped]
0x01EB8	Ẹ	e	[mapped]
0x01EB9	ẹ	e	[mapped]
0x01EBA	Ẻ	e	[mapped]
0x01EBB	ẻ	e	[mapped]
0x01EBC	Ẽ	e	[mapped]
0x01EBD	ẽ	e	[mapped]
0x01EBE	Ế	e	[mapped]
0x01EBF	ế	e	[mapped]
0x01EC0	Ề	e	[mapped]
0x01EC1	ề	e	[mapped]
0x01EC2	Ể	e	[mapped]
0x01EC3	ể	e	[mapped]
0x01EC4	Ễ	e	[mapped]
0x01EC5	ễ	e	[mapped]
0x01EC6	Ệ	e	[mapped]
0x01EC7	ệ	e	[mapped]
0x01EC8	Ỉ	i	[mapped]
0x01EC9	ỉ	i	[mapped]
0x01ECA	Ị	i	[mapped]
0x01ECB	ị	i	[mapped]
0x01ECC	Ọ	o	[mapped]
0x01ECD	ọ	o	[mapped]
0x01ECE	Ỏ	o	[mapped]
0x01ECF	ỏ	o	[mapped]
0x01ED0	Ố	o	[mapped]
0x01ED1	ố	o	[mapped]
0x01ED2	Ồ	o	[mapped]
0x01ED3	ồ	o	[mapped]
0x01ED4	Ổ	o	[mapped]
0x01ED5	ổ	o	[mapped]
0x01ED6	Ỗ	o	[mapped]
0x01ED7	ỗ	o	[mapped]
0x01ED8	Ộ	o	[mapped]
0x01ED9	ộ	o	[mapped]
0x01EDA	Ớ	o	[mapped]
0x01EDB	ớ	o	[mapped]
0x01EDC	Ờ	o	[mapped]
0x01EDD	ờ	o	[mapped]
0x01EDE	Ở	o	[mapped]
0x01EDF	ở	o	[mapped]
0x01EE0	Ỡ	o	[mapped]
0x01EE1	ỡ	o	[mapped]
0x01EE2	Ợ	o	[mapped]
0x01EE3	ợ	o	[mapped]
0x01EE4	Ụ	u	[mapped]
0x01EE5	ụ	u	[mapped]
0x01EE6	Ủ	u	[mapped]
0x01EE7	ủ	u	[mapped]
0x01EE8	Ứ	u	[mapped]
0x01EE9	ứ	u	[mapped]
0x01EEA	Ừ	u	[mapped]
0x01EEB	ừ	u	[mapped]
0x01EEC	Ử	u	[mapped]
0x01EED	ử	u	[mapped]
0x01EEE	Ữ	u	[mapped]
0x01EEF	ữ	u	[mapped]
0x01EF0	Ự	u	[mapped]
0x01EF1	ự	u	[mapped]
0x01EF2	Ỳ	y	[mapped]
0x01EF3	ỳ	y	[mapped]
0x01EF4	Ỵ	y	[mapped]
0x01EF5	ỵ	y	[mapped]
0x01EF6	Ỷ	y	[mapped]
0x01EF7	ỷ	y	[mapped]
0x01EF8	Ỹ	y	[mapped]
0x01EF9	ỹ	y	[mapped]
0x01F00	ἀ	α	[mapped]
0x01F01	ἁ	α	[mapped]
0x01F02	ἂ	α	[mapped]
0x01F03	ἃ	α	[mapped]
0x01F04	ἄ	α	[mapped]
0x01F05	ἅ	α	[mapped]
0x01F06	ἆ	α	[mapped]
0x01F07	ἇ	α	[mapped]
0x01F08	Ἀ	α	[mapped]
0x01F09	Ἁ	α	[mapped]
0x01F0A	Ἂ	α	[mapped]
0x01F0B	Ἃ	α	[mapped]
0x01F0C	Ἄ	α	[mapped]
0x01F0D	Ἅ	α	[mapped]
0x01F0E	Ἆ	α	[mapped]
0x01F0F	Ἇ	α	[mapped]
0x01F10	ἐ	ε	[mapped]
0x01F11	ἑ	ε	[mapped]
0x01F12	ἒ	ε	[mapped]
0x01F13	ἓ	ε	[mapped]
0x01F14	ἔ	ε	[mapped]
0x01F15	ἕ	ε	[mapped]
0x01F18	Ἐ	ε	[mapped]
0x01F19	Ἑ	ε	[mapped]
0x01F1A	Ἒ	ε	[mapped]
0x01F1B	Ἓ	ε	[mapped]
0x01F1C	Ἔ	ε	[mapped]
0x01F1D	Ἕ	ε	[mapped]
0x01F20	ἠ	η	[mapped]
0x01F21	ἡ	η	[mapped]
0x01F22	ἢ	η	[mapped]
0x01F23	ἣ	η	[mapped]
0x01F24	ἤ	η	[mapped]
0x01F25	ἥ	η	[mapped]
0x01F26	ἦ	η	[mapped]
0x01F27	ἧ	η	[mapped]
0x01F28	Ἠ	η	[mapped]
0x01F29	Ἡ	η	[mapped]
0x01F2A	Ἢ	η	[mapped]
0x01F2B	Ἣ	η	[mapped]
0x01F2C	Ἤ	η	[mapped]
0x01F2D	Ἥ	η	[mapped]
0x01F2E	Ἦ	η	[mapped]
0x01F2F	Ἧ	η	[mapped]
0x01F30	ἰ	ι	[mapped]
0x01F31	ἱ	ι	[mapped]
0x01F32	ἲ	ι	[mapped]
0x01F33	ἳ	ι	[mapped]
0x01F34	ἴ	ι	[mapped]
0x01F35	ἵ	ι	[mapped]
0x01F36	ἶ	ι	[mapped]
0x01F37	ἷ	ι	[mapped]
0x01F38	Ἰ	ι	[mapped]
0x01F39	Ἱ	ι	[mapped]
0x01F3A	Ἲ	ι	[mapped]
0x01F3B	Ἳ	ι	[mapped]
0x01F3C	Ἴ	ι	[mapped]
0x01F3D	Ἵ	ι	[mapped]
0x01F3E	Ἶ	ι	[mapped]
0x01F3F	Ἷ	ι	[mapped]
0x01F40	ὀ	ο	[mapped]
0x01F41	ὁ	ο	[mapped]
0x01F42	ὂ	ο	[mapped]
0x01F43	ὃ	ο	[mapped]
0x01F44	ὄ	ο	[mapped]
0x01F45	ὅ	ο	[mapped]
0x01F48	Ὀ	ο	[mapped]
0x01F49	Ὁ	ο	[mapped]
0x01F4A	Ὂ	ο	[mapped]
0x01F4B	Ὃ	ο	[mapped]
0x01F4C	Ὄ	ο	[mapped]
0x01F4D	Ὅ	ο	[mapped]
0x01F50	ὐ	υ	[mapped]
0x01F51	ὑ	υ	[mapped]
0x01F52	ὒ	υ	[mapped]
0x01F53	ὓ	υ	[mapped]
0x01F54	ὔ	υ	[mapped]
0x01F55	ὕ	υ	[mapped]
0x01F56	ὖ	υ	[mapped]
0x01F57	ὗ	υ	[mapped]
0x01F59	Ὑ	υ	[mapped]
0x01F5B	Ὓ	υ	[mapped]
0x01F5D	Ὕ	υ	[mapped]
0x01F5F	Ὗ	υ	[mapped]
0x01F60	ὠ	ω	[mapped]
0x01F61	ὡ	ω	[mapped]
0x01F62	ὢ	ω	[mapped]
0x01F63	ὣ	ω	[mapped]
0x01F64	ὤ	ω	[mapped]
0x01F65	ὥ	ω	[mapped]
0x01F66	ὦ	ω	[mapped]
0x01F67	ὧ	ω	[mapped]
0x01F68	Ὠ	ω	[mapped]
0x01F69	Ὡ	ω	[mapped]
0x01F6A	Ὢ	ω	[mapped]
0x01F6B	Ὣ	ω	[mapped]
0x01F6C	Ὤ	ω	[mapped]
0x01F6D	Ὥ	ω	[mapped]
0x01F6E	Ὦ	ω	[mapped]
0x01F6F	Ὧ	ω	[mapped]
0x01F70	ὰ	α	[mapped]
0x01F71	ά	α	[mapped]
0x01F72	ὲ	ε	[mapped]
0x01F73	έ	ε	[mapped]
0x01F74	ὴ	η	[mapped]
0x01F75	ή	η	[mapped]
0x01F76	ὶ	ι	[mapped]
0x01F77	ί	ι	[mapped]
0x01F78	ὸ	ο	[mapped]
0x01F79	ό	ο	[mapped]
0x01F7A	ὺ	υ	[mapped]
0x01F7B	ύ	υ	[mapped]
0x01F7C	ὼ	ω	[mapped]
0x01F7D	ώ	ω	[mapped]
0x01F80	ᾀ	α	[mapped]
0x01F81	ᾁ	α	[mapped]
0x01F82	ᾂ	α	[mapped]
0x01F83	ᾃ	α	[mapped]
0x01F84	ᾄ	α	[mapped]
0x01F85	ᾅ	α	[mapped]
0x01F86	ᾆ	α	[mapped]
0x01F87	ᾇ	α	[mapped]
0x01F88	ᾈ	α	[mapped]
0x01F89	ᾉ	α	[mapped]
0x01F8A	ᾊ	α	[mapped]
0x01F8B	ᾋ	α	[mapped]
0x01F8C	ᾌ	α	[mapped]
0x01F8D	ᾍ	α	[mapped]
0x01F8E	ᾎ	α	[mapped]
0x01F8F	ᾏ	α	[mapped]
0x01F90	ᾐ	η	[mapped]
0x01F91	ᾑ	η	[mapped]
0x01F92	ᾒ	η	[mapped]
0x01F93	ᾓ	η	[mapped]
0x01F94	ᾔ	η	[mapped]
0x01F95	ᾕ	η	[mapped]
0x01F96	ᾖ	η	[mapped]
0x01F97	ᾗ	η	[mapped]
0x01F98	ᾘ	η	[mapped]
0x01F99	ᾙ	η	[mapped]
0x01F9A	ᾚ	η	[mapped]
0x01F9B	ᾛ	η	[mapped]
0x01F9C	ᾜ	η	[mapped]
0x01F9D	ᾝ	η	[mapped]
0x01F9E	ᾞ	η	[mapped]
0x01F9F	ᾟ	η	[mapped]
0x01FA0	ᾠ	ω	[mapped]
0x01FA1	ᾡ	ω	[mapped]
0x01FA2	ᾢ	ω	[mapped]
0x01FA3	ᾣ	ω	[mapped]
0x01FA4	ᾤ	ω	[mapped]
0x01FA5	ᾥ	ω	[mapped]
0x01FA6	ᾦ	ω	[mapped]
0x01FA7	ᾧ	ω	[mapped]
0x01FA8	ᾨ	ω	[mapped]
0x01FA9	ᾩ	ω	[mapped]
0x01FAA	ᾪ	ω	[mapped]
0x01FAB	ᾫ	ω	[mapped]
0x01FAC	ᾬ	ω	[mapped]
0x01FAD	ᾭ	ω	[mapped]
0x01FAE	ᾮ	ω	[mapped]
0x01FAF	ᾯ	ω	[mapped]
0x01FB0	ᾰ	α	[mapped]
0x01FB1	ᾱ	α	[mapped]
0x01FB2	ᾲ	α	[mapped]
0x01FB3	ᾳ	α	[mapped]
0x01FB4	ᾴ	α	[mapped]
0x01FB6	ᾶ	α	[mapped]
0x01FB7	ᾷ	α	[mapped]
0x01FB8	Ᾰ	α	[mapped]
0x01FB9	Ᾱ	α	[mapped]
0x01FBA	Ὰ	α	[mapped]
0x01FBB	Ά	α	[mapped]
0x01FBC	ᾼ	α	[mapped]
0x01FBD	᾽		[mapped]
0x01FBE	ι		[mapped]
0x01FBF	᾿		[mapped]
0x01FC0	῀		[mapped]
0x01FC1	῁		[mapped]
0x01FC2	ῂ	η	[mapped]
0x01FC3	ῃ	η	[mapped]
0x01FC4	ῄ	η	[mapped]
0x01FC6	ῆ	η	[mapped]
0x01FC7	ῇ	η	[mapped]
0x01FC8	Ὲ	ε	[mapped]
0x01FC9	Έ	ε	[mapped]
0x01FCA	Ὴ	η	[mapped]
0x01FCB	Ή	η	[mapped]
0x01FCC	ῌ	η	[mapped]
0x01FCD	῍		[mapped]
0x01FCE	῎		[mapped]
0x01FCF	῏		[mapped]
0x01FD0	ῐ	ι	[mapped]
0x01FD1	ῑ	ι	[mapped]
0x01FD2	ῒ	ι	[mapped]
0x01FD3	ΐ	ι	[mapped]
0x01FD6	ῖ	ι	[mapped]
0x01FD7	ῗ	ι	[mapped]
0x01FD8	Ῐ	ι	[mapped]
0x01FD9	Ῑ	ι	[mapped]
0x01FDA	Ὶ	ι	[mapped]
0x01FDB	Ί	ι	[mapped]
0x01FDD	῝		[mapped]
0x01FDE	῞		[mapped]
0x01FDF	῟		[mapped]
0x01FE0	ῠ	υ	[mapped]
0x01FE1	ῡ	υ	[mapped]
0x01FE2	ῢ	υ	[mapped]
0x01FE3	ΰ	υ	[mapped]
0x01FE4	ῤ	ρ	[mapped]
0x01FE5	ῥ	ρ	[mapped]
0x01FE6	ῦ	υ	[mapped]
0x01FE7	ῧ	υ	[mapped]
0x01FE8	Ῠ	υ	[mapped]
0x01FE9	Ῡ	υ	[mapped]
0x01FEA	Ὺ	υ	[mapped]
0x01FEB	Ύ	υ	[mapped]
0x01FEC	Ῥ	ρ	[mapped]
0x01FED	῭		[mapped]
0x01FEE	΅		[mapped]
0x01FEF	`		[mapped]
0x01FF2	ῲ	ω	[mapped]
0x01FF3	ῳ	ω	[mapped]
0x01FF4	ῴ	ω	[mapped]
0x01FF6	ῶ	ω	[mapped]
0x01FF7	ῷ	ω	[mapped]
0x01FF8	Ὸ	ο	[mapped]
0x01FF9	Ό	ο	[mapped]
0x01FFA	Ὼ	ω	[mapped]
0x01FFB	Ώ	ω	[mapped]
0x01FFC	ῼ	ω	[mapped]
0x01FFD	´		[mapped]
0x01FFE	῾		[mapped]
0x02000	 	 	[mapped]
0x02001	 	 	[mapped]
0x02002	 	 	[mapped]
0x02003	 	 	[mapped]
0x02004	 	 	[mapped]
0x02005	 	 	[mapped]
0x02006	 	 	[mapped]
0x02007	 	 	[mapped]
0x02008	 	 	[mapped]
0x02009	 	 	[mapped]
0x0200A	 		[mapped]
0x02010	‐	-	[mapped]
0x02011	‑	-	[mapped]
0x02012	‒	-	[mapped]
0x02013	–	-	[mapped]
0x02014	—	-	[mapped]
0x02015	―	-	[mapped]
0x02016	‖	|	[mapped]
0x02017	‗	_	[mapped]
0x02018	‘	'	[mapped]
0x02019	’	'	[mapped]
0x0201A	‚	'	[mapped]
0x0201B	‛	'	[mapped]
0x0201C	“	"	[mapped]
0x0201D	”	"	[mapped]
0x0201E	„	"	[mapped]
0x0201F	‟	"	[mapped]
0x02020	†	†	[mapped]
0x02021	‡	†	[mapped]
0x02022	•	•	[mapped]
0x02023	‣	>	[mapped]
0x02024	․	.	[mapped]
0x02025	‥	..	[mapped]
0x02026	…	...	[mapped]
0x02027	‧	·	[mapped]
0x0202F	 	 	[mapped]
0x02030	‰	‰	[mapped]
0x02031	‱	‰	[mapped]
0x02032	′	'	[mapped]
0x02033	″	''	[mapped]
0x02034	‴	'''	[mapped]
0x02035	‵	`	[mapped]
0x02036	‶	``	[mapped]
0x02037	‷	```	[mapped]
0x02039	‹	<	[mapped]
0x0203A	›	>	[mapped]
0x0203B	※	*	[mapped]
0x0203C	‼	!!	[mapped]
0x0203E	‾	-	[mapped]
0x02043	⁃	-	[mapped]
0x02044	⁄	/	[mapped]
0x02045	⁅	[	[mapped]
0x02046	⁆	]	[mapped]
0x02047	⁇	??	[mapped]
0x02048	⁈	?!	[mapped]
0x02049	⁉	!?	[mapped]
0x0204E	⁎	*	[mapped]
0x0204F	⁏	;	[mapped]
0x02052	⁒	%	[mapped]
0x02053	⁓	~	[mapped]
0x02055	⁕	*	[mapped]
0x0205F	 		[mapped]
0x02070	⁰	0	[mapped]
0x02071	ⁱ	i	[mapped]
0x02074	⁴	4	[mapped]
0x02075	⁵	5	[mapped]
0x02076	⁶	6	[mapped]
0x02077	⁷	7	[mapped]
0x02078	⁸	8	[mapped]
0x02079	⁹	9	[mapped]
0x0207A	⁺	+	[mapped]
0x0207C	⁼	=	[mapped]
0x0207D	⁽	(	[mapped]
0x0207E	⁾	)	[mapped]
0x0207F	ⁿ	n	[mapped]
0x02080	₀	0	[mapped]
0x02081	₁	1	[mapped]
0x02082	₂	2	[mapped]
0x02083	₃	3	[mapped]
0x02084	₄	4	[mapped]
0x02085	₅	5	[mapped]
0x02086	₆	6	[mapped]
0x02087	₇	7	[mapped]
0x02088	₈	8	[mapped]
0x02089	₉	9	[mapped]
0x0208A	₊	+	[mapped]
0x0208C	₌	=	[mapped]
0x0208D	₍	(	[mapped]
0x0208E	₎	)	[mapped]
0x02090	ₐ	a	[mapped]
0x02091	ₑ	e	[mapped]
0x02092	ₒ	o	[mapped]
0x02093	ₓ	x	[mapped]
0x02094	ₔ	ə	[mapped]
0x02095	ₕ	h	[mapped]
0x02096	ₖ	k	[mapped]
0x02097	ₗ	l	[mapped]
0x02098	ₘ	m	[mapped]
0x02099	ₙ	n	[mapped]
0x0209A	ₚ	p	[mapped]
0x0209B	ₛ	s	[mapped]
0x0209C	ₜ	t	[mapped]
0x020A8	₨	rs	[mapped]
0x020AC	€	€	[mapped]
0x02100	℀	a/c	[mapped]
0x02101	℁	a/s	[mapped]
0x02102	ℂ	c	[mapped]
0x02103	℃	°c	[mapped]
0x02105	℅	c/o	[mapped]
0x02106	℆	c/u	[mapped]
0x02107	ℇ	ɛ	[mapped]
0x02109	℉	°f	[mapped]
0x0210A	ℊ	g	[mapped]
0x0210B	ℋ	h	[mapped]
0x0210C	ℌ	h	[mapped]
0x0210D	ℍ	h	[mapped]
0x0210E	ℎ	h	[mapped]
0x02110	ℐ	i	[mapped]
0x02111	ℑ	i	[mapped]
0x02112	ℒ	l	[mapped]
0x02113	ℓ	l	[mapped]
0x02115	ℕ	n	[mapped]
0x02116	№	no	[mapped]
0x02119	ℙ	p	[mapped]
0x0211A	ℚ	q	[mapped]
0x0211B	ℛ	r	[mapped]
0x0211C	ℜ	r	[mapped]
0x0211D	ℝ	r	[mapped]
0x02120	℠	sm	[mapped]
0x02121	℡	tel	[mapped]
0x02122	™	tm	[mapped]
0x02124	ℤ	z	[mapped]
0x02126	Ω	ω	[mapped]
0x02128	ℨ	z	[mapped]
0x0212A	K	k	[mapped]
0x0212B	Å	a	[mapped]
0x0212C	ℬ	b	[mapped]
0x0212D	ℭ	c	[mapped]
0x0212F	ℯ	e	[mapped]
0x02130	ℰ	e	[mapped]
0x02131	ℱ	f	[mapped]
0x02133	ℳ	m	[mapped]
0x02134	ℴ	o	[mapped]
0x02139	ℹ	i	[mapped]
0x0213B	℻	fax	[mapped]
0x0213C	ℼ	π	[mapped]
0x0213D	ℽ	γ	[mapped]
0x0213E	ℾ	γ	[mapped]
0x0213F	ℿ	π	[mapped]
0x02145	ⅅ	d	[mapped]
0x02146	ⅆ	d	[mapped]
0x02147	ⅇ	e	[mapped]
0x02148	ⅈ	i	[mapped]
0x02149	ⅉ	j	[mapped]
0x02160	Ⅰ	i	[mapped]
0x02161	Ⅱ	ii	[mapped]
0x02162	Ⅲ	iii	[mapped]
0x02163	Ⅳ	iv	[mapped]
0x02164	Ⅴ	v	[mapped]
0x02165	Ⅵ	vi	[mapped]
0x02166	Ⅶ	vii	[mapped]
0x02167	Ⅷ	viii	[mapped]
0x02168	Ⅸ	ix	[mapped]
0x02169	Ⅹ	x	[mapped]
0x0216A	Ⅺ	xi	[mapped]
0x0216B	Ⅻ	xii	[mapped]
0x0216C	Ⅼ	l	[mapped]
0x0216D	Ⅽ	c	[mapped]
0x0216E	Ⅾ	d	[mapped]
0x0216F	Ⅿ	m	[mapped]
0x02170	ⅰ	i	[mapped]
0x02171	ⅱ	ii	[mapped]
0x02172	ⅲ	iii	[mapped]
0x02173	ⅳ	iv	[mapped]
0x02174	ⅴ	v	[mapped]
0x02175	ⅵ	vi	[mapped]
0x02176	ⅶ	vii	[mapped]
0x02177	ⅷ	viii	[mapped]
0x02178	ⅸ	ix	[mapped]
0x02179	ⅹ	x	[mapped]
0x0217A	ⅺ	xi	[mapped]
0x0217B	ⅻ	xii	[mapped]
0x0217C	ⅼ	l	[mapped]
0x0217D	ⅽ	c	[mapped]
0x0217E	ⅾ	d	[mapped]
0x0217F	ⅿ	m	[mapped]
0x02208	∈	∈	[mapped]
0x02209	∉	∈	[mapped]
0x02212	−	-	[mapped]
0x02213	∓	±	[mapped]
0x02215	∕	/	[mapped]
0x02216	∖	\	[mapped]
0x02217	∗	*	[mapped]
0x02219	∙	•	[mapped]
0x0221E	∞	∞	[mapped]
0x02248	≈	≈	[mapped]
0x02249	≉	≈	[mapped]
0x02260	≠	=	[mapped]
0x02264	≤	≤	[mapped]
0x02265	≥	≥	[mapped]
0x0226E	≮	<	[mapped]
0x0226F	≯	>	[mapped]
0x02270	≰	≤	[mapped]
0x02271	≱	≥	[mapped]
0x02460	①	1	[mapped]
0x02461	②	2	[mapped]
0x02462	③	3	[mapped]
0x02463	④	4	[mapped]
0x02464	⑤	5	[mapped]
0x02465	⑥	6	[mapped]
0x02466	⑦	7	[mapped]
0x02467	⑧	8	[mapped]
0x02468	⑨	9	[mapped]
0x02469	⑩	10	[mapped]
0x0246A	⑪	11	[mapped]
0x0246B	⑫	12	[mapped]
0x0246C	⑬	13	[mapped]
0x0246D	⑭	14	[mapped]
0x0246E	⑮	15	[mapped]
0x0246F	⑯	16	[mapped]
0x02470	⑰	17	[mapped]
0x02471	⑱	18	[mapped]
0x02472	⑲	19	[mapped]
0x02473	⑳	20	[mapped]
0x02474	⑴	(1)	[mapped]
0x02475	⑵	(2)	[mapped]
0x02476	⑶	(3)	[mapped]
0x02477	⑷	(4)	[mapped]
0x02478	⑸	(5)	[mapped]
0x02479	⑹	(6)	[mapped]
0x0247A	⑺	(7)	[mapped]
0x0247B	⑻	(8)	[mapped]
0x0247C	⑼	(9)	[mapped]
0x0247D	⑽	(10)	[mapped]
0x0247E	⑾	(11)	[mapped]
0x0247F	⑿	(12)	[mapped]
0x02480	⒀	(13)	[mapped]
0x02481	⒁	(14)	[mapped]
0x02482	⒂	(15)	[mapped]
0x02483	⒃	(16)	[mapped]
0x02484	⒄	(17)	[mapped]
0x02485	⒅	(18)	[mapped]
0x02486	⒆	(19)	[mapped]
0x02487	⒇	(20)	[mapped]
0x02488	⒈	1.	[mapped]
0x02489	⒉	2.	[mapped]
0x0248A	⒊	3.	[mapped]
0x0248B	⒋	4.	[mapped]
0x0248C	⒌	5.	[mapped]
0x0248D	⒍	6.	[mapped]
0x0248E	⒎	7.	[mapped]
0x0248F	⒏	8.	[mapped]
0x02490	⒐	9.	[mapped]
0x02491	⒑	10.	[mapped]
0x02492	⒒	11.	[mapped]
0x02493	⒓	12.	[mapped]
0x02494	⒔	13.	[mapped]
0x02495	⒕	14.	[mapped]
0x02496	⒖	15.	[mapped]
0x02497	⒗	16.	[mapped]
0x02498	⒘	17.	[mapped]
0x02499	⒙	18.	[mapped]
0x0249A	⒚	19.	[mapped]
0x0249B	⒛	20.	[mapped]
0x0249C	⒜	(a)	[mapped]
0x0249D	⒝	(b)	[mapped]
0x0249E	⒞	(c)	[mapped]
0x0249F	⒟	(d)	[mapped]
0x024A0	⒠	(e)	[mapped]
0x024A1	⒡	(f)	[mapped]
0x024A2	⒢	(g)	[mapped]
0x024A3	⒣	(h)	[mapped]
0x024A4	⒤	(i)	[mapped]
0x024A5	⒥	(j)	[mapped]
0x024A6	⒦	(k)	[mapped]
0x024A7	⒧	(l)	[mapped]
0x024A8	⒨	(m)	[mapped]
0x024A9	⒩	(n)	[mapped]
0x024AA	⒪	(o)	[mapped]
0x024AB	⒫	(p)	[mapped]
0x024AC	⒬	(q)	[mapped]
0x024AD	⒭	(r)	[mapped]
0x024AE	⒮	(s)	[mapped]
0x024AF	⒯	(t)	[mapped]
0x024B0	⒰	(u)	[mapped]
0x024B1	⒱	(v)	[mapped]
0x024B2	⒲	(w)	[mapped]
0x024B3	⒳	(x)	[mapped]
0x024B4	⒴	(y)	[mapped]
0x024B5	⒵	(z)	[mapped]
0x024B6	Ⓐ	a	[mapped]
0x024B7	Ⓑ	b	[mapped]
0x024B8	Ⓒ	c	[mapped]
0x024B9	Ⓓ	d	[mapped]
0x024BA	Ⓔ	e	[mapped]
0x024BB	Ⓕ	f	[mapped]
0x024BC	Ⓖ	g	[mapped]
0x024BD	Ⓗ	h	[mapped]
0x024BE	Ⓘ	i	[mapped]
0x024BF	Ⓙ	j	[mapped]
0x024C0	Ⓚ	k	[mapped]
0x024C1	Ⓛ	l	[mapped]
0x024C2	Ⓜ	m	[mapped]
0x024C3	Ⓝ	n	[mapped]
0x024C4	Ⓞ	o	[mapped]
0x024C5	Ⓟ	p	[mapped]
0x024C6	Ⓠ	q	[mapped]
0x024C7	Ⓡ	r	[mapped]
0x024C8	Ⓢ	s	[mapped]
0x024C9	Ⓣ	t	[mapped]
0x024CA	Ⓤ	u	[mapped]
0x024CB	Ⓥ	v	[mapped]
0x024CC	Ⓦ	w	[mapped]
0x024CD	Ⓧ	x	[mapped]
0x024CE	Ⓨ	y	[mapped]
0x024CF	Ⓩ	z	[mapped]
0x024D0	ⓐ	a	[mapped]
0x024D1	ⓑ	b	[mapped]
0x024D2	ⓒ	c	[mapped]
0x024D3	ⓓ	d	[mapped]
0x024D4	ⓔ	e	[mapped]
0x024D5	ⓕ	f	[mapped]
0x024D6	ⓖ	g	[mapped]
0x024D7	ⓗ	h	[mapped]
0x024D8	ⓘ	i	[mapped]
0x024D9	ⓙ	j	[mapped]
0x024DA	ⓚ	k	[mapped]
0x024DB	ⓛ	l	[mapped]
0x024DC	ⓜ	m	[mapped]
0x024DD	ⓝ	n	[mapped]
0x024DE	ⓞ	o	[mapped]
0x024DF	ⓟ	p	[mapped]
0x024E0	ⓠ	q	[mapped]
0x024E1	ⓡ	r	[mapped]
0x024E2	ⓢ	s	[mapped]
0x024E3	ⓣ	t	[mapped]
0x024E4	ⓤ	u	[mapped]
0x024E5	ⓥ	v	[mapped]
0x024E6	ⓦ	w	[mapped]
0x024E7	ⓧ	x	[mapped]
0x024E8	ⓨ	y	[mapped]
0x024E9	ⓩ	z	[mapped]
0x024EA	⓪	0	[mapped]
0x0266D	♭	♭	[mapped]
0x02A74	⩴	::=	[mapped]
0x02A75	⩵	==	[mapped]
0x02A76	⩶	===	[mapped]
0x02C7C	ⱼ	j	[mapped]
0x02C7D	ⱽ	v	[mapped]
0x03000	　	 	[mapped]
0x03250	㉐	pte	[mapped]
0x03251	㉑	21	[mapped]
0x03252	㉒	22	[mapped]
0x03253	㉓	23	[mapped]
0x03254	㉔	24	[mapped]
0x03255	㉕	25	[mapped]
0x03256	㉖	26	[mapped]
0x03257	㉗	27	[mapped]
0x03258	㉘	28	[mapped]
0x03259	㉙	29	[mapped]
0x0325A	㉚	30	[mapped]
0x0325B	㉛	31	[mapped]
0x0325C	㉜	32	[mapped]
0x0325D	㉝	33	[mapped]
0x0325E	㉞	34	[mapped]
0x0325F	㉟	35	[mapped]
0x032B1	㊱	36	[mapped]
0x032B2	㊲	37	[mapped]
0x032B3	㊳	38	[mapped]
0x032B4	㊴	39	[mapped]
0x032B5	㊵	40	[mapped]
0x032B6	㊶	41	[mapped]
0x032B7	㊷	42	[mapped]
0x032B8	㊸	43	[mapped]
0x032B9	㊹	44	[mapped]
0x032BA	㊺	45	[mapped]
0x032BB	㊻	46	[mapped]
0x032BC	㊼	47	[mapped]
0x032BD	㊽	48	[mapped]
0x032BE	㊾	49	[mapped]
0x032BF	㊿	50	[mapped]
0x032CC	㋌	hg	[mapped]
0x032CD	㋍	erg	[mapped]
0x032CE	㋎	ev	[mapped]
0x032CF	㋏	ltd	[mapped]
0x03371	㍱	hpa	[mapped]
0x03372	㍲	da	[mapped]
0x03373	㍳	au	[mapped]
0x03374	㍴	bar	[mapped]
0x03375	㍵	ov	[mapped]
0x03376	㍶	pc	[mapped]
0x03377	㍷	dm	[mapped]
0x03378	㍸	dm2	[mapped]
0x03379	㍹	dm3	[mapped]
0x0337A	㍺	iu	[mapped]
0x03380	㎀	pa	[mapped]
0x03381	㎁	na	[mapped]
0x03382	㎂	μa	[mapped]
0x03383	㎃	ma	[mapped]
0x03384	㎄	ka	[mapped]
0x03385	㎅	kb	[mapped]
0x03386	㎆	mb	[mapped]
0x03387	㎇	gb	[mapped]
0x03388	㎈	cal	[mapped]
0x03389	㎉	kcal	[mapped]
0x0338A	㎊	pf	[mapped]
0x0338B	㎋	nf	[mapped]
0x0338C	㎌	μf	[mapped]
0x0338D	㎍	μg	[mapped]
0x0338E	㎎	mg	[mapped]
0x0338F	㎏	kg	[mapped]
0x03390	㎐	hz	[mapped]
0x03391	㎑	khz	[mapped]
0x03392	㎒	mhz	[mapped]
0x03393	㎓	ghz	[mapped]
0x03394	㎔	thz	[mapped]
0x03395	㎕	μl	[mapped]
0x03396	㎖	ml	[mapped]
0x03397	㎗	dl	[mapped]
0x03398	㎘	kl	[mapped]
0x03399	㎙	fm	[mapped]
0x0339A	㎚	nm	[mapped]
0x0339B	㎛	μm	[mapped]
0x0339C	㎜	mm	[mapped]
0x0339D	㎝	cm	[mapped]
0x0339E	㎞	km	[mapped]
0x0339F	㎟	mm2	[mapped]
0x033A0	㎠	cm2	[mapped]
0x033A1	㎡	m2	[mapped]
0x033A2	㎢	km2	[mapped]
0x033A3	㎣	mm3	[mapped]
0x033A4	㎤	cm3	[mapped]
0x033A5	㎥	m3	[mapped]
0x033A6	㎦	km3	[mapped]
0x033A9	㎩	pa	[mapped]
0x033AA	㎪	kpa	[mapped]
0x033AB	㎫	mpa	[mapped]
0x033AC	㎬	gpa	[mapped]
0x033AD	㎭	rad	[mapped]
0x033B0	㎰	ps	[mapped]
0x033B1	㎱	ns	[mapped]
0x033B2	㎲	μs	[mapped]
0x033B3	㎳	ms	[mapped]
0x033B4	㎴	pv	[mapped]
0x033B5	㎵	nv	[mapped]
0x033B6	㎶	μv	[mapped]
0x033B7	㎷	mv	[mapped]
0x033B8	㎸	kv	[mapped]
0x033B9	㎹	mv	[mapped]
0x033BA	㎺	pw	[mapped]
0x033BB	㎻	nw	[mapped]
0x033BC	㎼	μw	[mapped]
0x033BD	㎽	mw	[mapped]
0x033BE	㎾	kw	[mapped]
0x033BF	㎿	mw	[mapped]
0x033C0	㏀	kω	[mapped]
0x033C1	㏁	mω	[mapped]
0x033C2	㏂	a.m.	[mapped]
0x033C3	㏃	bq	[mapped]
0x033C4	㏄	cc	[mapped]
0x033C5	㏅	cd	[mapped]
0x033C7	㏇	co.	[mapped]
0x033C8	㏈	db	[mapped]
0x033C9	㏉	gy	[mapped]
0x033CA	㏊	ha	[mapped]
0x033CB	㏋	hp	[mapped]
0x033CC	㏌	in	[mapped]
0x033CD	㏍	kk	[mapped]
0x033CE	㏎	km	[mapped]
0x033CF	㏏	kt	[mapped]
0x033D0	㏐	lm	[mapped]
0x033D1	㏑	ln	[mapped]
0x033D2	㏒	log	[mapped]
0x033D3	㏓	lx	[mapped]
0x033D4	㏔	mb	[mapped]
0x033D5	㏕	mil	[mapped]
0x033D6	㏖	mol	[mapped]
0x033D7	㏗	ph	[mapped]
0x033D8	㏘	p.m.	[mapped]
0x033D9	㏙	ppm	[mapped]
0x033DA	㏚	pr	[mapped]
0x033DB	㏛	sr	[mapped]
0x033DC	㏜	sv	[mapped]
0x033DD	㏝	wb	[mapped]
0x033FF	㏿	gal	[mapped]
0x0A69C	ꚜ	ъ	[mapped]
0x0A69D	ꚝ	ь	[mapped]
0x0A7AE	Ɪ	ɪ	[mapped]
0x0FB00	ﬀ	ff	[mapped]
0x0FB01	ﬁ	fi	[mapped]
0x0FB02	ﬂ	fl	[mapped]
0x0FB03	ﬃ	ffi	[mapped]
0x0FB04	ﬄ	ffl	[mapped]
0x0FB05	ﬅ	st	[mapped]
0x0FB06	ﬆ	st	[mapped]
0x0FB29	﬩	+	[mapped]
0x0FE10	︐	,	[mapped]
0x0FE13	︓	:	[mapped]
0x0FE14	︔	;	[mapped]
0x0FE15	︕	!	[mapped]
0x0FE16	︖	?	[mapped]
0x0FE19	︙	...	[mapped]
0x0FE30	︰	..	[mapped]
0x0FE33	︳	_	[mapped]
0x0FE34	︴	_	[mapped]
0x0FE35	︵	(	[mapped]
0x0FE36	︶	)	[mapped]
0x0FE37	︷	{	[mapped]
0x0FE38	︸	}	[mapped]
0x0FE47	﹇	[	[mapped]
0x0FE48	﹈	]	[mapped]
0x0FE49	﹉	 	[mapped]
0x0FE4A	﹊	 	[mapped]
0x0FE4B	﹋	 	[mapped]
0x0FE4C	﹌	 	[mapped]
0x0FE4D	﹍	_	[mapped]
0x0FE4E	﹎	_	[mapped]
0x0FE4F	﹏	_	[mapped]
0x0FE50	﹐	,	[mapped]
0x0FE52	﹒	.	[mapped]
0x0FE54	﹔	;	[mapped]
0x0FE55	﹕	:	[mapped]
0x0FE56	﹖	?	[mapped]
0x0FE57	﹗	!	[mapped]
0x0FE59	﹙	(	[mapped]
0x0FE5A	﹚	)	[mapped]
0x0FE5B	﹛	{	[mapped]
0x0FE5C	﹜	}	[mapped]
0x0FE5F	﹟	#	[mapped]
0x0FE60	﹠	&	[mapped]
0x0FE61	﹡	*	[mapped]
0x0FE62	﹢	+	[mapped]
0x0FE63	﹣	-	[mapped]
0x0FE64	﹤	<	[mapped]
0x0FE65	﹥	>	[mapped]
0x0FE66	﹦	=	[mapped]
0x0FE68	﹨	\	[mapped]
0x0FE69	﹩	$	[mapped]
0x0FE6A	﹪	%	[mapped]
0x0FE6B	﹫	@	[mapped]
0x0FF01	！	!	[mapped]
0x0FF02	＂	"	[mapped]
0x0FF03	＃	#	[mapped]
0x0FF04	＄	$	[mapped]
0x0FF05	％	%	[mapped]
0x0FF06	＆	&	[mapped]
0x0FF07	＇	'	[mapped]
0x0FF08	（	(	[mapped]
0x0FF09	）	)	[mapped]
0x0FF0A	＊	*	[mapped]
0x0FF0B	＋	+	[mapped]
0x0FF0C	，	,	[mapped]
0x0FF0D	－	-	[mapped]
0x0FF0E	．	.	[mapped]
0x0FF0F	／	/	[mapped]
0x0FF10	０	0	[mapped]
0x0FF11	１	1	[mapped]
0x0FF12	２	2	[mapped]
0x0FF13	３	3	[mapped]
0x0FF14	４	4	[mapped]
0x0FF15	５	5	[mapped]
0x0FF16	６	6	[mapped]
0x0FF17	７	7	[mapped]
0x0FF18	８	8	[mapped]
0x0FF19	９	9	[mapped]
0x0FF1A	：	:	[mapped]
0x0FF1B	；	;	[mapped]
0x0FF1C	＜	<	[mapped]
0x0FF1D	＝	=	[mapped]
0x0FF1E	＞	>	[mapped]
0x0FF1F	？	?	[mapped]
0x0FF20	＠	@	[mapped]
0x0FF21	Ａ	a	[mapped]
0x0FF22	Ｂ	b	[mapped]
0x0FF23	Ｃ	c	[mapped]
0x0FF24	Ｄ	d	[mapped]
0x0FF25	Ｅ	e	[mapped]
0x0FF26	Ｆ	f	[mapped]
0x0FF27	Ｇ	g	[mapped]
0x0FF28	Ｈ	h	[mapped]
0x0FF29	Ｉ	i	[mapped]
0x0FF2A	Ｊ	j	[mapped]
0x0FF2B	Ｋ	k	[mapped]
0x0FF2C	Ｌ	l	[mapped]
0x0FF2D	Ｍ	m	[mapped]
0x0FF2E	Ｎ	n	[mapped]
0x0FF2F	Ｏ	o	[mapped]
0x0FF30	Ｐ	p	[mapped]
0x0FF31	Ｑ	q	[mapped]
0x0FF32	Ｒ	r	[mapped]
0x0FF33	Ｓ	s	[mapped]
0x0FF34	Ｔ	t	[mapped]
0x0FF35	Ｕ	u	[mapped]
0x0FF36	Ｖ	v	[mapped]
0x0FF37	Ｗ	w	[mapped]
0x0FF38	Ｘ	x	[mapped]
0x0FF39	Ｙ	y	[mapped]
0x0FF3A	Ｚ	z	[mapped]
0x0FF3B	［	[	[mapped]
0x0FF3C	＼	\	[mapped]
0x0FF3D	］	]	[mapped]
0x0FF3E	＾	^	[mapped]
0x0FF3F	＿	_	[mapped]
0x0FF40	｀	`	[mapped]
0x0FF41	ａ	a	[mapped]
0x0FF42	ｂ	b	[mapped]
0x0FF43	ｃ	c	[mapped]
0x0FF44	ｄ	d	[mapped]
0x0FF45	ｅ	e	[mapped]
0x0FF46	ｆ	f	[mapped]
0x0FF47	ｇ	g	[mapped]
0x0FF48	ｈ	h	[mapped]
0x0FF49	ｉ	i	[mapped]
0x0FF4A	ｊ	j	[mapped]
0x0FF4B	ｋ	k	[mapped]
0x0FF4C	ｌ	l	[mapped]
0x0FF4D	ｍ	m	[mapped]
0x0FF4E	ｎ	n	[mapped]
0x0FF4F	ｏ	o	[mapped]
0x0FF50	ｐ	p	[mapped]
0x0FF51	ｑ	q	[mapped]
0x0FF52	ｒ	r	[mapped]
0x0FF53	ｓ	s	[mapped]
0x0FF54	ｔ	t	[mapped]
0x0FF55	ｕ	u	[mapped]
0x0FF56	ｖ	v	[mapped]
0x0FF57	ｗ	w	[mapped]
0x0FF58	ｘ	x	[mapped]
0x0FF59	ｙ	y	[mapped]
0x0FF5A	ｚ	z	[mapped]
0x0FF5B	｛	{	[mapped]
0x0FF5C	｜	|	[mapped]
0x0FF5D	｝	}	[mapped]
0x0FF5E	～	~	[mapped]
0x0FFE0	￠	¢	[mapped]
0x0FFE1	￡	£	[mapped]
0x0FFE2	￢	¬	[mapped]
0x0FFE3	￣	 	[mapped]
0x0FFE4	￤	¦	[mapped]
0x0FFE5	￥	¥	[mapped]
0x1D400	𝐀	a	[mapped]
0x1D401	𝐁	b	[mapped]
0x1D402	𝐂	c	[mapped]
0x1D403	𝐃	d	[mapped]
0x1D404	𝐄	e	[mapped]
0x1D405	𝐅	f	[mapped]
0x1D406	𝐆	g	[mapped]
0x1D407	𝐇	h	[mapped]
0x1D408	𝐈	i	[mapped]
0x1D409	𝐉	j	[mapped]
0x1D40A	𝐊	k	[mapped]
0x1D40B	𝐋	l	[mapped]
0x1D40C	𝐌	m	[mapped]
0x1D40D	𝐍	n	[mapped]
0x1D40E	𝐎	o	[mapped]
0x1D40F	𝐏	p	[mapped]
0x1D410	𝐐	q	[mapped]
0x1D411	𝐑	r	[mapped]
0x1D412	𝐒	s	[mapped]
0x1D413	𝐓	t	[mapped]
0x1D414	𝐔	u	[mapped]
0x1D415	𝐕	v	[mapped]
0x1D416	𝐖	w	[mapped]
0x1D417	𝐗	x	[mapped]
0x1D418	𝐘	y	[mapped]
0x1D419	𝐙	z	[mapped]
0x1D41A	𝐚	a	[mapped]
0x1D41B	𝐛	b	[mapped]
0x1D41C	𝐜	c	[mapped]
0x1D41D	𝐝	d	[mapped]
0x1D41E	𝐞	e	[mapped]
0x1D41F	𝐟	f	[mapped]
0x1D420	𝐠	g	[mapped]
0x1D421	𝐡	h	[mapped]
0x1D422	𝐢	i	[mapped]
0x1D423	𝐣	j	[mapped]
0x1D424	𝐤	k	[mapped]
0x1D425	𝐥	l	[mapped]
0x1D426	𝐦	m	[mapped]
0x1D427	𝐧	n	[mapped]
0x1D428	𝐨	o	[mapped]
0x1D429	𝐩	p	[mapped]
0x1D42A	𝐪	q	[mapped]
0x1D42B	𝐫	r	[mapped]
0x1D42C	𝐬	s	[mapped]
0x1D42D	𝐭	t	[mapped]
0x1D42E	𝐮	u	[mapped]
0x1D42F	𝐯	v	[mapped]
0x1D430	𝐰	w	[mapped]
0x1D431	𝐱	x	[mapped]
0x1D432	𝐲	y	[mapped]
0x1D433	𝐳	z	[mapped]
0x1D434	𝐴	a	[mapped]
0x1D435	𝐵	b	[mapped]
0x1D436	𝐶	c	[mapped]
0x1D437	𝐷	d	[mapped]
0x1D438	𝐸	e	[mapped]
0x1D439	𝐹	f	[mapped]
0x1D43A	𝐺	g	[mapped]
0x1D43B	𝐻	h	[mapped]
0x1D43C	𝐼	i	[mapped]
0x1D43D	𝐽	j	[mapped]
0x1D43E	𝐾	k	[mapped]
0x1D43F	𝐿	l	[mapped]
0x1D440	𝑀	m	[mapped]
0x1D441	𝑁	n	[mapped]
0x1D442	𝑂	o	[mapped]
0x1D443	𝑃	p	[mapped]
0x1D444	𝑄	q	[mapped]
0x1D445	𝑅	r	[mapped]
0x1D446	𝑆	s	[mapped]
0x1D447	𝑇	t	[mapped]
0x1D448	𝑈	u	[mapped]
0x1D449	𝑉	v	[mapped]
0x1D44A	𝑊	w	[mapped]
0x1D44B	𝑋	x	[mapped]
0x1D44C	𝑌	y	[mapped]
0x1D44D	𝑍	z	[mapped]
0x1D44E	𝑎	a	[mapped]
0x1D44F	𝑏	b	[mapped]
0x1D450	𝑐	c	[mapped]
0x1D451	𝑑	d	[mapped]
0x1D452	𝑒	e	[mapped]
0x1D453	𝑓	f	[mapped]
0x1D454	𝑔	g	[mapped]
0x1D456	𝑖	i	[mapped]
0x1D457	𝑗	j	[mapped]
0x1D458	𝑘	k	[mapped]
0x1D459	𝑙	l	[mapped]
0x1D45A	𝑚	m	[mapped]
0x1D45B	𝑛	n	[mapped]
0x1D45C	𝑜	o	[mapped]
0x1D45D	𝑝	p	[mapped]
0x1D45E	𝑞	q	[mapped]
0x1D45F	𝑟	r	[mapped]
0x1D460	𝑠	s	[mapped]
0x1D461	𝑡	t	[mapped]
0x1D462	𝑢	u	[mapped]
0x1D463	𝑣	v	[mapped]
0x1D464	𝑤	w	[mapped]
0x1D465	𝑥	x	[mapped]
0x1D466	𝑦	y	[mapped]
0x1D467	𝑧	z	[mapped]
0x1D468	𝑨	a	[mapped]
0x1D469	𝑩	b	[mapped]
0x1D46A	𝑪	c	[mapped]
0x1D46B	𝑫	d	[mapped]
0x1D46C	𝑬	e	[mapped]
0x1D46D	𝑭	f	[mapped]
0x1D46E	𝑮	g	[mapped]
0x1D46F	𝑯	h	[mapped]
0x1D470	𝑰	i	[mapped]
0x1D471	𝑱	j	[mapped]
0x1D472	𝑲	k	[mapped]
0x1D473	𝑳	l	[mapped]
0x1D474	𝑴	m	[mapped]
0x1D475	𝑵	n	[mapped]
0x1D476	𝑶	o	[mapped]
0x1D477	𝑷	p	[mapped]
0x1D478	𝑸	q	[mapped]
0x1D479	𝑹	r	[mapped]
0x1D47A	𝑺	s	[mapped]
0x1D47B	𝑻	t	[mapped]
0x1D47C	𝑼	u	[mapped]
0x1D47D	𝑽	v	[mapped]
0x1D47E	𝑾	w	[mapped]
0x1D47F	𝑿	x	[mapped]
0x1D480	𝒀	y	[mapped]
0x1D481	𝒁	z	[mapped]
0x1D482	𝒂	a	[mapped]
0x1D483	𝒃	b	[mapped]
0x1D484	𝒄	c	[mapped]
0x1D485	𝒅	d	[mapped]
0x1D486	𝒆	e	[mapped]
0x1D487	𝒇	f	[mapped]
0x1D488	𝒈	g	[mapped]
0x1D489	𝒉	h	[mapped]
0x1D48A	𝒊	i	[mapped]
0x1D48B	𝒋	j	[mapped]
0x1D48C	𝒌	k	[mapped]
0x1D48D	𝒍	l	[mapped]
0x1D48E	𝒎	m	[mapped]
0x1D48F	𝒏	n	[mapped]
0x1D490	𝒐	o	[mapped]
0x1D491	𝒑	p	[mapped]
0x1D492	𝒒	q	[mapped]
0x1D493	𝒓	r	[mapped]
0x1D494	𝒔	s	[mapped]
0x1D495	𝒕	t	[mapped]
0x1D496	𝒖	u	[mapped]
0x1D497	𝒗	v	[mapped]
0x1D498	𝒘	w	[mapped]
0x1D499	𝒙	x	[mapped]
0x1D49A	𝒚	y	[mapped]
0x1D49B	𝒛	z	[mapped]
0x1D49C	𝒜	a	[mapped]
0x1D49E	𝒞	c	[mapped]
0x1D49F	𝒟	d	[mapped]
0x1D4A2	𝒢	g	[mapped]
0x1D4A5	𝒥	j	[mapped]
0x1D4A6	𝒦	k	[mapped]
0x1D4A9	𝒩	n	[mapped]
0x1D4AA	𝒪	o	[mapped]
0x1D4AB	𝒫	p	[mapped]
0x1D4AC	𝒬	q	[mapped]
0x1D4AE	𝒮	s	[mapped]
0x1D4AF	𝒯	t	[mapped]
0x1D4B0	𝒰	u	[mapped]
0x1D4B1	𝒱	v	[mapped]
0x1D4B2	𝒲	w	[mapped]
0x1D4B3	𝒳	x	[mapped]
0x1D4B4	𝒴	y	[mapped]
0x1D4B5	𝒵	z	[mapped]
0x1D4B6	𝒶	a	[mapped]
0x1D4B7	𝒷	b	[mapped]
0x1D4B8	𝒸	c	[mapped]
0x1D4B9	𝒹	d	[mapped]
0x1D4BB	𝒻	f	[mapped]
0x1D4BD	𝒽	h	[mapped]
0x1D4BE	𝒾	i	[mapped]
0x1D4BF	𝒿	j	[mapped]
0x1D4C0	𝓀	k	[mapped]
0x1D4C1	𝓁	l	[mapped]
0x1D4C2	𝓂	m	[mapped]
0x1D4C3	𝓃	n	[mapped]
0x1D4C5	𝓅	p	[mapped]
0x1D4C6	𝓆	q	[mapped]
0x1D4C7	𝓇	r	[mapped]
0x1D4C8	𝓈	s	[mapped]
0x1D4C9	𝓉	t	[mapped]
0x1D4CA	𝓊	u	[mapped]
0x1D4CB	𝓋	v	[mapped]
0x1D4CC	𝓌	w	[mapped]
0x1D4CD	𝓍	x	[mapped]
0x1D4CE	𝓎	y	[mapped]
0x1D4CF	𝓏	z	[mapped]
0x1D4D0	𝓐	a	[mapped]
0x1D4D1	𝓑	b	[mapped]
0x1D4D2	𝓒	c	[mapped]
0x1D4D3	𝓓	d	[mapped]
0x1D4D4	𝓔	e	[mapped]
0x1D4D5	𝓕	f	[mapped]
0x1D4D6	𝓖	g	[mapped]
0x1D4D7	𝓗	h	[mapped]
0x1D4D8	𝓘	i	[mapped]
0x1D4D9	𝓙	j	[mapped]
0x1D4DA	𝓚	k	[mapped]
0x1D4DB	𝓛	l	[mapped]
0x1D4DC	𝓜	m	[mapped]
0x1D4DD	𝓝	n	[mapped]
0x1D4DE	𝓞	o	[mapped]
0x1D4DF	𝓟	p	[mapped]
0x1D4E0	𝓠	q	[mapped]
0x1D4E1	𝓡	r	[mapped]
0x1D4E2	𝓢	s	[mapped]
0x1D4E3	𝓣	t	[mapped]
0x1D4E4	𝓤	u	[mapped]
0x1D4E5	𝓥	v	[mapped]
0x1D4E6	𝓦	w	[mapped]
0x1D4E7	𝓧	x	[mapped]
0x1D4E8	𝓨	y	[mapped]
0x1D4E9	𝓩	z	[mapped]
0x1D4EA	𝓪	a	[mapped]
0x1D4EB	𝓫	b	[mapped]
0x1D4EC	𝓬	c	[mapped]
0x1D4ED	𝓭	d	[mapped]
0x1D4EE	𝓮	e	[mapped]
0x1D4EF	𝓯	f	[mapped]
0x1D4F0	𝓰	g	[mapped]
0x1D4F1	𝓱	h	[mapped]
0x1D4F2	𝓲	i	[mapped]
0x1D4F3	𝓳	j	[mapped]
0x1D4F4	𝓴	k	[mapped]
0x1D4F5	𝓵	l	[mapped]
0x1D4F6	𝓶	m	[mapped]
0x1D4F7	𝓷	n	[mapped]
0x1D4F8	𝓸	o	[mapped]
0x1D4F9	𝓹	p	[mapped]
0x1D4FA	𝓺	q	[mapped]
0x1D4FB	𝓻	r	[mapped]
0x1D4FC	𝓼	s	[mapped]
0x1D4FD	𝓽	t	[mapped]
0x1D4FE	𝓾	u	[mapped]
0x1D4FF	𝓿	v	[mapped]
0x1D500	𝔀	w	[mapped]
0x1D501	𝔁	x	[mapped]
0x1D502	𝔂	y	[mapped]
0x1D503	𝔃	z	[mapped]
0x1D504	𝔄	a	[mapped]
0x1D505	𝔅	b	[mapped]
0x1D507	𝔇	d	[mapped]
0x1D508	𝔈	e	[mapped]
0x1D509	𝔉	f	[mapped]
0x1D50A	𝔊	g	[mapped]
0x1D50D	𝔍	j	[mapped]
0x1D50E	𝔎	k	[mapped]
0x1D50F	𝔏	l	[mapped]
0x1D510	𝔐	m	[mapped]
0x1D511	𝔑	n	[mapped]
0x1D512	𝔒	o	[mapped]
0x1D513	𝔓	p	[mapped]
0x1D514	𝔔	q	[mapped]
0x1D516	𝔖	s	[mapped]
0x1D517	𝔗	t	[mapped]
0x1D518	𝔘	u	[mapped]
0x1D519	𝔙	v	[mapped]
0x1D51A	𝔚	w	[mapped]
0x1D51B	𝔛	x	[mapped]
0x1D51C	𝔜	y	[mapped]
0x1D51E	𝔞	a	[mapped]
0x1D51F	𝔟	b	[mapped]
0x1D520	𝔠	c	[mapped]
0x1D521	𝔡	d	[mapped]
0x1D522	𝔢	e	[mapped]
0x1D523	𝔣	f	[mapped]
0x1D524	𝔤	g	[mapped]
0x1D525	𝔥	h	[mapped]
0x1D526	𝔦	i	[mapped]
0x1D527	𝔧	j	[mapped]
0x1D528	𝔨	k	[mapped]
0x1D529	𝔩	l	[mapped]
0x1D52A	𝔪	m	[mapped]
0x1D52B	𝔫	n	[mapped]
0x1D52C	𝔬	o	[mapped]
0x1D52D	𝔭	p	[mapped]
0x1D52E	𝔮	q	[mapped]
0x1D52F	𝔯	r	[mapped]
0x1D530	𝔰	s	[mapped]
0x1D531	𝔱	t	[mapped]
0x1D532	𝔲	u	[mapped]
0x1D533	𝔳	v	[mapped]
0x1D534	𝔴	w	[mapped]
0x1D535	𝔵	x	[mapped]
0x1D536	𝔶	y	[mapped]
0x1D537	𝔷	z	[mapped]
0x1D538	𝔸	a	[mapped]
0x1D539	𝔹	b	[mapped]
0x1D53B	𝔻	d	[mapped]
0x1D53C	𝔼	e	[mapped]
0x1D53D	𝔽	f	[mapped]
0x1D53E	𝔾	g	[mapped]
0x1D540	𝕀	i	[mapped]
0x1D541	𝕁	j	[mapped]
0x1D542	𝕂	k	[mapped]
0x1D543	𝕃	l	[mapped]
0x1D544	𝕄	m	[mapped]
0x1D546	𝕆	o	[mapped]
0x1D54A	𝕊	s	[mapped]
0x1D54B	𝕋	t	[mapped]
0x1D54C	𝕌	u	[mapped]
0x1D54D	𝕍	v	[mapped]
0x1D54E	𝕎	w	[mapped]
0x1D54F	𝕏	x	[mapped]
0x1D550	𝕐	y	[mapped]
0x1D552	𝕒	a	[mapped]
0x1D553	𝕓	b	[mapped]
0x1D554	𝕔	c	[mapped]
0x1D555	𝕕	d	[mapped]
0x1D556	𝕖	e	[mapped]
0x1D557	𝕗	f	[mapped]
0x1D558	𝕘	g	[mapped]
0x1D559	𝕙	h	[mapped]
0x1D55A	𝕚	i	[mapped]
0x1D55B	𝕛	j	[mapped]
0x1D55C	𝕜	k	[mapped]
0x1D55D	𝕝	l	[mapped]
0x1D55E	𝕞	m	[mapped]
0x1D55F	𝕟	n	[mapped]
0x1D560	𝕠	o	[mapped]
0x1D561	𝕡	p	[mapped]
0x1D562	𝕢	q	[mapped]
0x1D563	𝕣	r	[mapped]
0x1D564	𝕤	s	[mapped]
0x1D565	𝕥	t	[mapped]
0x1D566	𝕦	u	[mapped]
0x1D567	𝕧	v	[mapped]
0x1D568	𝕨	w	[mapped]
0x1D569	𝕩	x	[mapped]
0x1D56A	𝕪	y	[mapped]
0x1D56B	𝕫	z	[mapped]
0x1D56C	𝕬	a	[mapped]
0x1D56D	𝕭	b	[mapped]
0x1D56E	𝕮	c	[mapped]
0x1D56F	𝕯	d	[mapped]
0x1D570	𝕰	e	[mapped]
0x1D571	𝕱	f	[mapped]
0x1D572	𝕲	g	[mapped]
0x1D573	𝕳	h	[mapped]
0x1D574	𝕴	i	[mapped]
0x1D575	𝕵	j	[mapped]
0x1D576	𝕶	k	[mapped]
0x1D577	𝕷	l	[mapped]
0x1D578	𝕸	m	[mapped]
0x1D579	𝕹	n	[mapped]
0x1D57A	𝕺	o	[mapped]
0x1D57B	𝕻	p	[mapped]
0x1D57C	𝕼	q	[mapped]
0x1D57D	𝕽	r	[mapped]
0x1D57E	𝕾	s	[mapped]
0x1D57F	𝕿	t	[mapped]
0x1D580	𝖀	u	[mapped]
0x1D581	𝖁	v	[mapped]
0x1D582	𝖂	w	[mapped]
0x1D583	𝖃	x	[mapped]
0x1D584	𝖄	y	[mapped]
0x1D585	𝖅	z	[mapped]
0x1D586	𝖆	a	[mapped]
0x1D587	𝖇	b	[mapped]
0x1D588	𝖈	c	[mapped]
0x1D589	𝖉	d	[mapped]
0x1D58A	𝖊	e	[mapped]
0x1D58B	𝖋	f	[mapped]
0x1D58C	𝖌	g	[mapped]
0x1D58D	𝖍	h	[mapped]
0x1D58E	𝖎	i	[mapped]
0x1D58F	𝖏	j	[mapped]
0x1D590	𝖐	k	[mapped]
0x1D591	𝖑	l	[mapped]
0x1D592	𝖒	m	[mapped]
0x1D593	𝖓	n	[mapped]
0x1D594	𝖔	o	[mapped]
0x1D595	𝖕	p	[mapped]
0x1D596	𝖖	q	[mapped]
0x1D597	𝖗	r	[mapped]
0x1D598	𝖘	s	[mapped]
0x1D599	𝖙	t	[mapped]
0x1D59A	𝖚	u	[mapped]
0x1D59B	𝖛	v	[mapped]
0x1D59C	𝖜	w	[mapped]
0x1D59D	𝖝	x	[mapped]
0x1D59E	𝖞	y	[mapped]
0x1D59F	𝖟	z	[mapped]
0x1D5A0	𝖠	a	[mapped]
0x1D5A1	𝖡	b	[mapped]
0x1D5A2	𝖢	c	[mapped]
0x1D5A3	𝖣	d	[mapped]
0x1D5A4	𝖤	e	[mapped]
0x1D5A5	𝖥	f	[mapped]
0x1D5A6	𝖦	g	[mapped]
0x1D5A7	𝖧	h	[mapped]
0x1D5A8	𝖨	i	[mapped]
0x1D5A9	𝖩	j	[mapped]
0x1D5AA	𝖪	k	[mapped]
0x1D5AB	𝖫	l	[mapped]
0x1D5AC	𝖬	m	[mapped]
0x1D5AD	𝖭	n	[mapped]
0x1D5AE	𝖮	o	[mapped]
0x1D5AF	𝖯	p	[mapped]
0x1D5B0	𝖰	q	[mapped]
0x1D5B1	𝖱	r	[mapped]
0x1D5B2	𝖲	s	[mapped]
0x1D5B3	𝖳	t	[mapped]
0x1D5B4	𝖴	u	[mapped]
0x1D5B5	𝖵	v	[mapped]
0x1D5B6	𝖶	w	[mapped]
0x1D5B7	𝖷	x	[mapped]
0x1D5B8	𝖸	y	[mapped]
0x1D5B9	𝖹	z	[mapped]
0x1D5BA	𝖺	a	[mapped]
0x1D5BB	𝖻	b	[mapped]
0x1D5BC	𝖼	c	[mapped]
0x1D5BD	𝖽	d	[mapped]
0x1D5BE	𝖾	e	[mapped]
0x1D5BF	𝖿	f	[mapped]
0x1D5C0	𝗀	g	[mapped]
0x1D5C1	𝗁	h	[mapped]
0x1D5C2	𝗂	i	[mapped]
0x1D5C3	𝗃	j	[mapped]
0x1D5C4	𝗄	k	[mapped]
0x1D5C5	𝗅	l	[mapped]
0x1D5C6	𝗆	m	[mapped]
0x1D5C7	𝗇	n	[mapped]
0x1D5C8	𝗈	o	[mapped]
0x1D5C9	𝗉	p	[mapped]
0x1D5CA	𝗊	q	[mapped]
0x1D5CB	𝗋	r	[mapped]
0x1D5CC	𝗌	s	[mapped]
0x1D5CD	𝗍	t	[mapped]
0x1D5CE	𝗎	u	[mapped]
0x1D5CF	𝗏	v	[mapped]
0x1D5D0	𝗐	w	[mapped]
0x1D5D1	𝗑	x	[mapped]
0x1D5D2	𝗒	y	[mapped]
0x1D5D3	𝗓	z	[mapped]
0x1D5D4	𝗔	a	[mapped]
0x1D5D5	𝗕	b	[mapped]
0x1D5D6	𝗖	c	[mapped]
0x1D5D7	𝗗	d	[mapped]
0x1D5D8	𝗘	e	[mapped]
0x1D5D9	𝗙	f	[mapped]
0x1D5DA	𝗚	g	[mapped]
0x1D5DB	𝗛	h	[mapped]
0x1D5DC	𝗜	i	[mapped]
0x1D5DD	𝗝	j	[mapped]
0x1D5DE	𝗞	k	[mapped]
0x1D5DF	𝗟	l	[mapped]
0x1D5E0	𝗠	m	[mapped]
0x1D5E1	𝗡	n	[mapped]
0x1D5E2	𝗢	o	[mapped]
0x1D5E3	𝗣	p	[mapped]
0x1D5E4	𝗤	q	[mapped]
0x1D5E5	𝗥	r	[mapped]
0x1D5E6	𝗦	s	[mapped]
0x1D5E7	𝗧	t	[mapped]
0x1D5E8	𝗨	u	[mapped]
0x1D5E9	𝗩	v	[mapped]
0x1D5EA	𝗪	w	[mapped]
0x1D5EB	𝗫	x	[mapped]
0x1D5EC	𝗬	y	[mapped]
0x1D5ED	𝗭	z	[mapped]
0x1D5EE	𝗮	a	[mapped]
0x1D5EF	𝗯	b	[mapped]
0x1D5F0	𝗰	c	[mapped]
0x1D5F1	𝗱	d	[mapped]
0x1D5F2	𝗲	e	[mapped]
0x1D5F3	𝗳	f	[mapped]
0x1D5F4	𝗴	g	[mapped]
0x1D5F5	𝗵	h	[mapped]
0x1D5F6	𝗶	i	[mapped]
0x1D5F7	𝗷	j	[mapped]
0x1D5F8	𝗸	k	[mapped]
0x1D5F9	𝗹	l	[mapped]
0x1D5FA	𝗺	m	[mapped]
0x1D5FB	𝗻	n	[mapped]
0x1D5FC	𝗼	o	[mapped]
0x1D5FD	𝗽	p	[mapped]
0x1D5FE	𝗾	q	[mapped]
0x1D5FF	𝗿	r	[mapped]
0x1D600	𝘀	s	[mapped]
0x1D601	𝘁	t	[mapped]
0x1D602	𝘂	u	[mapped]
0x1D603	𝘃	v	[mapped]
0x1D604	𝘄	w	[mapped]
0x1D605	𝘅	x	[mapped]
0x1D606	𝘆	y	[mapped]
0x1D607	𝘇	z	[mapped]
0x1D608	𝘈	a	[mapped]
0x1D609	𝘉	b	[mapped]
0x1D60A	𝘊	c	[mapped]
0x1D60B	𝘋	d	[mapped]
0x1D60C	𝘌	e	[mapped]
0x1D60D	𝘍	f	[mapped]
0x1D60E	𝘎	g	[mapped]
0x1D60F	𝘏	h	[mapped]
0x1D610	𝘐	i	[mapped]
0x1D611	𝘑	j	[mapped]
0x1D612	𝘒	k	[mapped]
0x1D613	𝘓	l	[mapped]
0x1D614	𝘔	m	[mapped]
0x1D615	𝘕	n	[mapped]
0x1D616	𝘖	o	[mapped]
0x1D617	𝘗	p	[mapped]
0x1D618	𝘘	q	[mapped]
0x1D619	𝘙	r	[mapped]
0x1D61A	𝘚	s	[mapped]
0x1D61B	𝘛	t	[mapped]
0x1D61C	𝘜	u	[mapped]
0x1D61D	𝘝	v	[mapped]
0x1D61E	𝘞	w	[mapped]
0x1D61F	𝘟	x	[mapped]
0x1D620	𝘠	y	[mapped]
0x1D621	𝘡	z	[mapped]
0x1D622	𝘢	a	[mapped]
0x1D623	𝘣	b	[mapped]
0x1D624	𝘤	c	[mapped]
0x1D625	𝘥	d	[mapped]
0x1D626	𝘦	e	[mapped]
0x1D627	𝘧	f	[mapped]
0x1D628	𝘨	g	[mapped]
0x1D629	𝘩	h	[mapped]
0x1D62A	𝘪	i	[mapped]
0x1D62B	𝘫	j	[mapped]
0x1D62C	𝘬	k	[mapped]
0x1D62D	𝘭	l	[mapped]
0x1D62E	𝘮	m	[mapped]
0x1D62F	𝘯	n	[mapped]
0x1D630	𝘰	o	[mapped]
0x1D631	𝘱	p	[mapped]
0x1D632	𝘲	q	[mapped]
0x1D633	𝘳	r	[mapped]
0x1D634	𝘴	s	[mapped]
0x1D635	𝘵	t	[mapped]
0x1D636	𝘶	u	[mapped]
0x1D637	𝘷	v	[mapped]
0x1D638	𝘸	w	[mapped]
0x1D639	𝘹	x	[mapped]
0x1D63A	𝘺	y	[mapped]
0x1D63B	𝘻	z	[mapped]
0x1D63C	𝘼	a	[mapped]
0x1D63D	𝘽	b	[mapped]
0x1D63E	𝘾	c	[mapped]
0x1D63F	𝘿	d	[mapped]
0x1D640	𝙀	e	[mapped]
0x1D641	𝙁	f	[mapped]
0x1D642	𝙂	g	[mapped]
0x1D643	𝙃	h	[mapped]
0x1D644	𝙄	i	[mapped]
0x1D645	𝙅	j	[mapped]
0x1D646	𝙆	k	[mapped]
0x1D647	𝙇	l	[mapped]
0x1D648	𝙈	m	[mapped]
0x1D649	𝙉	n	[mapped]
0x1D64A	𝙊	o	[mapped]
0x1D64B	𝙋	p	[mapped]
0x1D64C	𝙌	q	[mapped]
0x1D64D	𝙍	r	[mapped]
0x1D64E	𝙎	s	[mapped]
0x1D64F	𝙏	t	[mapped]
0x1D650	𝙐	u	[mapped]
0x1D651	𝙑	v	[mapped]
0x1D652	𝙒	w	[mapped]
0x1D653	𝙓	x	[mapped]
0x1D654	𝙔	y	[mapped]
0x1D655	𝙕	z	[mapped]
0x1D656	𝙖	a	[mapped]
0x1D657	𝙗	b	[mapped]
0x1D658	𝙘	c	[mapped]
0x1D659	𝙙	d	[mapped]
0x1D65A	𝙚	e	[mapped]
0x1D65B	𝙛	f	[mapped]
0x1D65C	𝙜	g	[mapped]
0x1D65D	𝙝	h	[mapped]
0x1D65E	𝙞	i	[mapped]
0x1D65F	𝙟	j	[mapped]
0x1D660	𝙠	k	[mapped]
0x1D661	𝙡	l	[mapped]
0x1D662	𝙢	m	[mapped]
0x1D663	𝙣	n	[mapped]
0x1D664	𝙤	o	[mapped]
0x1D665	𝙥	p	[mapped]
0x1D666	𝙦	q	[mapped]
0x1D667	𝙧	r	[mapped]
0x1D668	𝙨	s	[mapped]
0x1D669	𝙩	t	[mapped]
0x1D66A	𝙪	u	[mapped]
0x1D66B	𝙫	v	[mapped]
0x1D66C	𝙬	w	[mapped]
0x1D66D	𝙭	x	[mapped]
0x1D66E	𝙮	y	[mapped]
0x1D66F	𝙯	z	[mapped]
0x1D670	𝙰	a	[mapped]
0x1D671	𝙱	b	[mapped]
0x1D672	𝙲	c	[mapped]
0x1D673	𝙳	d	[mapped]
0x1D674	𝙴	e	[mapped]
0x1D675	𝙵	f	[mapped]
0x1D676	𝙶	g	[mapped]
0x1D677	𝙷	h	[mapped]
0x1D678	𝙸	i	[mapped]
0x1D679	𝙹	j	[mapped]
0x1D67A	𝙺	k	[mapped]
0x1D67B	𝙻	l	[mapped]
0x1D67C	𝙼	m	[mapped]
0x1D67D	𝙽	n	[mapped]
0x1D67E	𝙾	o	[mapped]
0x1D67F	𝙿	p	[mapped]
0x1D680	𝚀	q	[mapped]
0x1D681	𝚁	r	[mapped]
0x1D682	𝚂	s	[mapped]
0x1D683	𝚃	t	[mapped]
0x1D684	𝚄	u	[mapped]
0x1D685	𝚅	v	[mapped]
0x1D686	𝚆	w	[mapped]
0x1D687	𝚇	x	[mapped]
0x1D688	𝚈	y	[mapped]
0x1D689	𝚉	z	[mapped]
0x1D68A	𝚊	a	[mapped]
0x1D68B	𝚋	b	[mapped]
0x1D68C	𝚌	c	[mapped]
0x1D68D	𝚍	d	[mapped]
0x1D68E	𝚎	e	[mapped]
0x1D68F	𝚏	f	[mapped]
0x1D690	𝚐	g	[mapped]
0x1D691	𝚑	h	[mapped]
0x1D692	𝚒	i	[mapped]
0x1D693	𝚓	j	[mapped]
0x1D694	𝚔	k	[mapped]
0x1D695	𝚕	l	[mapped]
0x1D696	𝚖	m	[mapped]
0x1D697	𝚗	n	[mapped]
0x1D698	𝚘	o	[mapped]
0x1D699	𝚙	p	[mapped]
0x1D69A	𝚚	q	[mapped]
0x1D69B	𝚛	r	[mapped]
0x1D69C	𝚜	s	[mapped]
0x1D69D	𝚝	t	[mapped]
0x1D69E	𝚞	u	[mapped]
0x1D69F	𝚟	v	[mapped]
0x1D6A0	𝚠	w	[mapped]
0x1D6A1	𝚡	x	[mapped]
0x1D6A2	𝚢	y	[mapped]
0x1D6A3	𝚣	z	[mapped]
0x1D6A8	𝚨	α	[mapped]
0x1D6A9	𝚩	β	[mapped]
0x1D6AA	𝚪	γ	[mapped]
0x1D6AB	𝚫	δ	[mapped]
0x1D6AC	𝚬	ε	[mapped]
0x1D6AD	𝚭	ζ	[mapped]
0x1D6AE	𝚮	η	[mapped]
0x1D6AF	𝚯	θ	[mapped]
0x1D6B0	𝚰	ι	[mapped]
0x1D6B1	𝚱	κ	[mapped]
0x1D6B2	𝚲	λ	[mapped]
0x1D6B3	𝚳	μ	[mapped]
0x1D6B4	𝚴	ν	[mapped]
0x1D6B5	𝚵	ξ	[mapped]
0x1D6B6	𝚶	ο	[mapped]
0x1D6B7	𝚷	π	[mapped]
0x1D6B8	𝚸	ρ	[mapped]
0x1D6B9	𝚹	θ	[mapped]
0x1D6BA	𝚺	σ	[mapped]
0x1D6BB	𝚻	τ	[mapped]
0x1D6BC	𝚼	υ	[mapped]
0x1D6BD	𝚽	φ	[mapped]
0x1D6BE	𝚾	χ	[mapped]
0x1D6BF	𝚿	ψ	[mapped]
0x1D6C0	𝛀	ω	[mapped]
0x1D6C2	𝛂	α	[mapped]
0x1D6C3	𝛃	β	[mapped]
0x1D6C4	𝛄	γ	[mapped]
0x1D6C5	𝛅	δ	[mapped]
0x1D6C6	𝛆	ε	[mapped]
0x1D6C7	𝛇	ζ	[mapped]
0x1D6C8	𝛈	η	[mapped]
0x1D6C9	𝛉	θ	[mapped]
0x1D6CA	𝛊	ι	[mapped]
0x1D6CB	𝛋	κ	[mapped]
0x1D6CC	𝛌	λ	[mapped]
0x1D6CD	𝛍	μ	[mapped]
0x1D6CE	𝛎	ν	[mapped]
0x1D6CF	𝛏	ξ	[mapped]
0x1D6D0	𝛐	ο	[mapped]
0x1D6D1	𝛑	π	[mapped]
0x1D6D2	𝛒	ρ	[mapped]
0x1D6D3	𝛓	ς	[mapped]
0x1D6D4	𝛔	σ	[mapped]
0x1D6D5	𝛕	τ	[mapped]
0x1D6D6	𝛖	υ	[mapped]
0x1D6D7	𝛗	φ	[mapped]
0x1D6D8	𝛘	χ	[mapped]
0x1D6D9	𝛙	ψ	[mapped]
0x1D6DA	𝛚	ω	[mapped]
0x1D6DC	𝛜	ε	[mapped]
0x1D6DD	𝛝	θ	[mapped]
0x1D6DE	𝛞	κ	[mapped]
0x1D6DF	𝛟	φ	[mapped]
0x1D6E0	𝛠	ρ	[mapped]
0x1D6E1	𝛡	π	[mapped]
0x1D6E2	𝛢	α	[mapped]
0x1D6E3	𝛣	β	[mapped]
0x1D6E4	𝛤	γ	[mapped]
0x1D6E5	𝛥	δ	[mapped]
0x1D6E6	𝛦	ε	[mapped]
0x1D6E7	𝛧	ζ	[mapped]
0x1D6E8	𝛨	η	[mapped]
0x1D6E9	𝛩	θ	[mapped]
0x1D6EA	𝛪	ι	[mapped]
0x1D6EB	𝛫	κ	[mapped]
0x1D6EC	𝛬	λ	[mapped]
0x1D6ED	𝛭	μ	[mapped]
0x1D6EE	𝛮	ν	[mapped]
0x1D6EF	𝛯	ξ	[mapped]
0x1D6F0	𝛰	ο	[mapped]
0x1D6F1	𝛱	π	[mapped]
0x1D6F2	𝛲	ρ	[mapped]
0x1D6F3	𝛳	θ	[mapped]
0x1D6F4	𝛴	σ	[mapped]
0x1D6F5	𝛵	τ	[mapped]
0x1D6F6	𝛶	υ	[mapped]
0x1D6F7	𝛷	φ	[mapped]
0x1D6F8	𝛸	χ	[mapped]
0x1D6F9	𝛹	ψ	[mapped]
0x1D6FA	𝛺	ω	[mapped]
0x1D6FC	𝛼	α	[mapped]
0x1D6FD	𝛽	β	[mapped]
0x1D6FE	𝛾	γ	[mapped]
0x1D6FF	𝛿	δ	[mapped]
0x1D700	𝜀	ε	[mapped]
0x1D701	𝜁	ζ	[mapped]
0x1D702	𝜂	η	[mapped]
0x1D703	𝜃	θ	[mapped]
0x1D704	𝜄	ι	[mapped]
0x1D705	𝜅	κ	[mapped]
0x1D706	𝜆	λ	[mapped]
0x1D707	𝜇	μ	[mapped]
0x1D708	𝜈	ν	[mapped]
0x1D709	𝜉	ξ	[mapped]
0x1D70A	𝜊	ο	[mapped]
0x1D70B	𝜋	π	[mapped]
0x1D70C	𝜌	ρ	[mapped]
0x1D70D	𝜍	ς	[mapped]
0x1D70E	𝜎	σ	[mapped]
0x1D70F	𝜏	τ	[mapped]
0x1D710	𝜐	υ	[mapped]
0x1D711	𝜑	φ	[mapped]
0x1D712	𝜒	χ	[mapped]
0x1D713	𝜓	ψ	[mapped]
0x1D714	𝜔	ω	[mapped]
0x1D716	𝜖	ε	[mapped]
0x1D717	𝜗	θ	[mapped]
0x1D718	𝜘	κ	[mapped]
0x1D719	𝜙	φ	[mapped]
0x1D71A	𝜚	ρ	[mapped]
0x1D71B	𝜛	π	[mapped]
0x1D71C	𝜜	α	[mapped]
0x1D71D	𝜝	β	[mapped]
0x1D71E	𝜞	γ	[mapped]
0x1D71F	𝜟	δ	[mapped]
0x1D720	𝜠	ε	[mapped]
0x1D721	𝜡	ζ	[mapped]
0x1D722	𝜢	η	[mapped]
0x1D723	𝜣	θ	[mapped]
0x1D724	𝜤	ι	[mapped]
0x1D725	𝜥	κ	[mapped]
0x1D726	𝜦	λ	[mapped]
0x1D727	𝜧	μ	[mapped]
0x1D728	𝜨	ν	[mapped]
0x1D729	𝜩	ξ	[mapped]
0x1D72A	𝜪	ο	[mapped]
0x1D72B	𝜫	π	[mapped]
0x1D72C	𝜬	ρ	[mapped]
0x1D72D	𝜭	θ	[mapped]
0x1D72E	𝜮	σ	[mapped]
0x1D72F	𝜯	τ	[mapped]
0x1D730	𝜰	υ	[mapped]
0x1D731	𝜱	φ	[mapped]
0x1D732	𝜲	χ	[mapped]
0x1D733	𝜳	ψ	[mapped]
0x1D734	𝜴	ω	[mapped]
0x1D736	𝜶	α	[mapped]
0x1D737	𝜷	β	[mapped]
0x1D738	𝜸	γ	[mapped]
0x1D739	𝜹	δ	[mapped]
0x1D73A	𝜺	ε	[mapped]
0x1D73B	𝜻	ζ	[mapped]
0x1D73C	𝜼	η	[mapped]
0x1D73D	𝜽	θ	[mapped]
0x1D73E	𝜾	ι	[mapped]
0x1D73F	𝜿	κ	[mapped]
0x1D740	𝝀	λ	[mapped]
0x1D741	𝝁	μ	[mapped]
0x1D742	𝝂	ν	[mapped]
0x1D743	𝝃	ξ	[mapped]
0x1D744	𝝄	ο	[mapped]
0x1D745	𝝅	π	[mapped]
0x1D746	𝝆	ρ	[mapped]
0x1D747	𝝇	ς	[mapped]
0x1D748	𝝈	σ	[mapped]
0x1D749	𝝉	τ	[mapped]
0x1D74A	𝝊	υ	[mapped]
0x1D74B	𝝋	φ	[mapped]
0x1D74C	𝝌	χ	[mapped]
0x1D74D	𝝍	ψ	[mapped]
0x1D74E	𝝎	ω	[mapped]
0x1D750	𝝐	ε	[mapped]
0x1D751	𝝑	θ	[mapped]
0x1D752	𝝒	κ	[mapped]
0x1D753	𝝓	φ	[mapped]
0x1D754	𝝔	ρ	[mapped]
0x1D755	𝝕	π	[mapped]
0x1D756	𝝖	α	[mapped]
0x1D757	𝝗	β	[mapped]
0x1D758	𝝘	γ	[mapped]
0x1D759	𝝙	δ	[mapped]
0x1D75A	𝝚	ε	[mapped]
0x1D75B	𝝛	ζ	[mapped]
0x1D75C	𝝜	η	[mapped]
0x1D75D	𝝝	θ	[mapped]
0x1D75E	𝝞	ι	[mapped]
0x1D75F	𝝟	κ	[mapped]
0x1D760	𝝠	λ	[mapped]
0x1D761	𝝡	μ	[mapped]
0x1D762	𝝢	ν	[mapped]
0x1D763	𝝣	ξ	[mapped]
0x1D764	𝝤	ο	[mapped]
0x1D765	𝝥	π	[mapped]
0x1D766	𝝦	ρ	[mapped]
0x1D767	𝝧	θ	[mapped]
0x1D768	𝝨	σ	[mapped]
0x1D769	𝝩	τ	[mapped]
0x1D76A	𝝪	υ	[mapped]
0x1D76B	𝝫	φ	[mapped]
0x1D76C	𝝬	χ	[mapped]
0x1D76D	𝝭	ψ	[mapped]
0x1D76E	𝝮	ω	[mapped]
0x1D770	𝝰	α	[mapped]
0x1D771	𝝱	β	[mapped]
0x1D772	𝝲	γ	[mapped]
0x1D773	𝝳	δ	[mapped]
0x1D774	𝝴	ε	[mapped]
0x1D775	𝝵	ζ	[mapped]
0x1D776	𝝶	η	[mapped]
0x1D777	𝝷	θ	[mapped]
0x1D778	𝝸	ι	[mapped]
0x1D779	𝝹	κ	[mapped]
0x1D77A	𝝺	λ	[mapped]
0x1D77B	𝝻	μ	[mapped]
0x1D77C	𝝼	ν	[mapped]
0x1D77D	𝝽	ξ	[mapped]
0x1D77E	𝝾	ο	[mapped]
0x1D77F	𝝿	π	[mapped]
0x1D780	𝞀	ρ	[mapped]
0x1D781	𝞁	ς	[mapped]
0x1D782	𝞂	σ	[mapped]
0x1D783	𝞃	τ	[mapped]
0x1D784	𝞄	υ	[mapped]
0x1D785	𝞅	φ	[mapped]
0x1D786	𝞆	χ	[mapped]
0x1D787	𝞇	ψ	[mapped]
0x1D788	𝞈	ω	[mapped]
0x1D78A	𝞊	ε	[mapped]
0x1D78B	𝞋	θ	[mapped]
0x1D78C	𝞌	κ	[mapped]
0x1D78D	𝞍	φ	[mapped]
0x1D78E	𝞎	ρ	[mapped]
0x1D78F	𝞏	π	[mapped]
0x1D790	𝞐	α	[mapped]
0x1D791	𝞑	β	[mapped]
0x1D792	𝞒	γ	[mapped]
0x1D793	𝞓	δ	[mapped]
0x1D794	𝞔	ε	[mapped]
0x1D795	𝞕	ζ	[mapped]
0x1D796	𝞖	η	[mapped]
0x1D797	𝞗	θ	[mapped]
0x1D798	𝞘	ι	[mapped]
0x1D799	𝞙	κ	[mapped]
0x1D79A	𝞚	λ	[mapped]
0x1D79B	𝞛	μ	[mapped]
0x1D79C	𝞜	ν	[mapped]
0x1D79D	𝞝	ξ	[mapped]
0x1D79E	𝞞	ο	[mapped]
0x1D79F	𝞟	π	[mapped]
0x1D7A0	𝞠	ρ	[mapped]
0x1D7A1	𝞡	θ	[mapped]
0x1D7A2	𝞢	σ	[mapped]
0x1D7A3	𝞣	τ	[mapped]
0x1D7A4	𝞤	υ	[mapped]
0x1D7A5	𝞥	φ	[mapped]
0x1D7A6	𝞦	χ	[mapped]
0x1D7A7	𝞧	ψ	[mapped]
0x1D7A8	𝞨	ω	[mapped]
0x1D7AA	𝞪	α	[mapped]
0x1D7AB	𝞫	β	[mapped]
0x1D7AC	𝞬	γ	[mapped]
0x1D7AD	𝞭	δ	[mapped]
0x1D7AE	𝞮	ε	[mapped]
0x1D7AF	𝞯	ζ	[mapped]
0x1D7B0	𝞰	η	[mapped]
0x1D7B1	𝞱	θ	[mapped]
0x1D7B2	𝞲	ι	[mapped]
0x1D7B3	𝞳	κ	[mapped]
0x1D7B4	𝞴	λ	[mapped]
0x1D7B5	𝞵	μ	[mapped]
0x1D7B6	𝞶	ν	[mapped]
0x1D7B7	𝞷	ξ	[mapped]
0x1D7B8	𝞸	ο	[mapped]
0x1D7B9	𝞹	π	[mapped]
0x1D7BA	𝞺	ρ	[mapped]
0x1D7BB	𝞻	ς	[mapped]
0x1D7BC	𝞼	σ	[mapped]
0x1D7BD	𝞽	τ	[mapped]
0x1D7BE	𝞾	υ	[mapped]
0x1D7BF	𝞿	φ	[mapped]
0x1D7C0	𝟀	χ	[mapped]
0x1D7C1	𝟁	ψ	[mapped]
0x1D7C2	𝟂	ω	[mapped]
0x1D7C4	𝟄	ε	[mapped]
0x1D7C5	𝟅	θ	[mapped]
0x1D7C6	𝟆	κ	[mapped]
0x1D7C7	𝟇	φ	[mapped]
0x1D7C8	𝟈	ρ	[mapped]
0x1D7C9	𝟉	π	[mapped]
0x1D7CE	𝟎	0	[mapped]
0x1D7CF	𝟏	1	[mapped]
0x1D7D0	𝟐	2	[mapped]
0x1D7D1	𝟑	3	[mapped]
0x1D7D2	𝟒	4	[mapped]
0x1D7D3	𝟓	5	[mapped]
0x1D7D4	𝟔	6	[mapped]
0x1D7D5	𝟕	7	[mapped]
0x1D7D6	𝟖	8	[mapped]
0x1D7D7	𝟗	9	[mapped]
0x1D7D8	𝟘	0	[mapped]
0x1D7D9	𝟙	1	[mapped]
0x1D7DA	𝟚	2	[mapped]
0x1D7DB	𝟛	3	[mapped]
0x1D7DC	𝟜	4	[mapped]
0x1D7DD	𝟝	5	[mapped]
0x1D7DE	𝟞	6	[mapped]
0x1D7DF	𝟟	7	[mapped]
0x1D7E0	𝟠	8	[mapped]
0x1D7E1	𝟡	9	[mapped]
0x1D7E2	𝟢	0	[mapped]
0x1D7E3	𝟣	1	[mapped]
0x1D7E4	𝟤	2	[mapped]
0x1D7E5	𝟥	3	[mapped]
0x1D7E6	𝟦	4	[mapped]
0x1D7E7	𝟧	5	[mapped]
0x1D7E8	𝟨	6	[mapped]
0x1D7E9	𝟩	7	[mapped]
0x1D7EA	𝟪	8	[mapped]
0x1D7EB	𝟫	9	[mapped]
0x1D7EC	𝟬	0	[mapped]
0x1D7ED	𝟭	1	[mapped]
0x1D7EE	𝟮	2	[mapped]
0x1D7EF	𝟯	3	[mapped]
0x1D7F0	𝟰	4	[mapped]
0x1D7F1	𝟱	5	[mapped]
0x1D7F2	𝟲	6	[mapped]
0x1D7F3	𝟳	7	[mapped]
0x1D7F4	𝟴	8	[mapped]
0x1D7F5	𝟵	9	[mapped]
0x1D7F6	𝟶	0	[mapped]
0x1D7F7	𝟷	1	[mapped]
0x1D7F8	𝟸	2	[mapped]
0x1D7F9	𝟹	3	[mapped]
0x1D7FA	𝟺	4	[mapped]
0x1D7FB	𝟻	5	[mapped]
0x1D7FC	𝟼	6	[mapped]
0x1D7FD	𝟽	7	[mapped]
0x1D7FE	𝟾	8	[mapped]
0x1D7FF	𝟿	9	[mapped]
0x1F100	🄀	0.	[mapped]
0x1F101	🄁	0,	[mapped]
0x1F102	🄂	1,	[mapped]
0x1F103	🄃	2,	[mapped]
0x1F104	🄄	3,	[mapped]
0x1F105	🄅	4,	[mapped]
0x1F106	🄆	5,	[mapped]
0x1F107	🄇	6,	[mapped]
0x1F108	🄈	7,	[mapped]
0x1F109	🄉	8,	[mapped]
0x1F10A	🄊	9,	[mapped]
0x1F110	🄐	(a)	[mapped]
0x1F111	🄑	(b)	[mapped]
0x1F112	🄒	(c)	[mapped]
0x1F113	🄓	(d)	[mapped]
0x1F114	🄔	(e)	[mapped]
0x1F115	🄕	(f)	[mapped]
0x1F116	🄖	(g)	[mapped]
0x1F117	🄗	(h)	[mapped]
0x1F118	🄘	(i)	[mapped]
0x1F119	🄙	(j)	[mapped]
0x1F11A	🄚	(k)	[mapped]
0x1F11B	🄛	(l)	[mapped]
0x1F11C	🄜	(m)	[mapped]
0x1F11D	🄝	(n)	[mapped]
0x1F11E	🄞	(o)	[mapped]
0x1F11F	🄟	(p)	[mapped]
0x1F120	🄠	(q)	[mapped]
0x1F121	🄡	(r)	[mapped]
0x1F122	🄢	(s)	[mapped]
0x1F123	🄣	(t)	[mapped]
0x1F124	🄤	(u)	[mapped]
0x1F125	🄥	(v)	[mapped]
0x1F126	🄦	(w)	[mapped]
0x1F127	🄧	(x)	[mapped]
0x1F128	🄨	(y)	[mapped]
0x1F129	🄩	(z)	[mapped]
0x1F12B	🄫	c	[mapped]
0x1F12C	🄬	r	[mapped]
0x1F12D	🄭	cd	[mapped]
0x1F12E	🄮	wz	[mapped]
0x1F130	🄰	a	[mapped]
0x1F131	🄱	b	[mapped]
0x1F132	🄲	c	[mapped]
0x1F133	🄳	d	[mapped]
0x1F134	🄴	e	[mapped]
0x1F135	🄵	f	[mapped]
0x1F136	🄶	g	[mapped]
0x1F137	🄷	h	[mapped]
0x1F138	🄸	i	[mapped]
0x1F139	🄹	j	[mapped]
0x1F13A	🄺	k	[mapped]
0x1F13B	🄻	l	[mapped]
0x1F13C	🄼	m	[mapped]
0x1F13D	🄽	n	[mapped]
0x1F13E	🄾	o	[mapped]
0x1F13F	🄿	p	[mapped]
0x1F140	🅀	q	[mapped]
0x1F141	🅁	r	[mapped]
0x1F142	🅂	s	[mapped]
0x1F143	🅃	t	[mapped]
0x1F144	🅄	u	[mapped]
0x1F145	🅅	v	[mapped]
0x1F146	🅆	w	[mapped]
0x1F147	🅇	x	[mapped]
0x1F148	🅈	y	[mapped]
0x1F149	🅉	z	[mapped]
0x1F14A	🅊	hv	[mapped]
0x1F14B	🅋	mv	[mapped]
0x1F14C	🅌	sd	[mapped]
0x1F14D	🅍	ss	[mapped]
0x1F14E	🅎	ppv	[mapped]
0x1F14F	🅏	wc	[mapped]
0x1F16A	🅪	mc	[mapped]
0x1F16B	🅫	md	[mapped]
0x1F16C	🅬	mr	[mapped]
0x1F190	🆐	dj	[mapped]
0x1FBF0	🯰	0	[mapped]
0x1FBF1	🯱	1	[mapped]
0x1FBF2	🯲	2	[mapped]
0x1FBF3	🯳	3	[mapped]
0x1FBF4	🯴	4	[mapped]
0x1FBF5	🯵	5	[mapped]
0x1FBF6	🯶	6	[mapped]
0x1FBF7	🯷	7	[mapped]
0x1FBF8	🯸	8	[mapped]
0x1FBF9	🯹	9	[mapped]
